Archive member included to satisfy reference by file (symbol)

c:/st/stm32cubeide_1.9.0/stm32cubeide/plugins/com.st.stm32cube.ide.mcu.externaltools.gnu-tools-for-stm32.10.3-2021.10.win32_1.0.0.202111181127/tools/bin/../lib/gcc/arm-none-eabi/10.3.1/../../../../arm-none-eabi/lib/thumb/v7e-m+fp/hard\libc_nano.a(lib_a-errno.o)
                              ./Core/Src/syscalls.o (__errno)
c:/st/stm32cubeide_1.9.0/stm32cubeide/plugins/com.st.stm32cube.ide.mcu.externaltools.gnu-tools-for-stm32.10.3-2021.10.win32_1.0.0.202111181127/tools/bin/../lib/gcc/arm-none-eabi/10.3.1/../../../../arm-none-eabi/lib/thumb/v7e-m+fp/hard\libc_nano.a(lib_a-exit.o)
                              c:/st/stm32cubeide_1.9.0/stm32cubeide/plugins/com.st.stm32cube.ide.mcu.externaltools.gnu-tools-for-stm32.10.3-2021.10.win32_1.0.0.202111181127/tools/bin/../lib/gcc/arm-none-eabi/10.3.1/../../../../arm-none-eabi/lib/thumb/v7e-m+fp/hard/crt0.o (exit)
c:/st/stm32cubeide_1.9.0/stm32cubeide/plugins/com.st.stm32cube.ide.mcu.externaltools.gnu-tools-for-stm32.10.3-2021.10.win32_1.0.0.202111181127/tools/bin/../lib/gcc/arm-none-eabi/10.3.1/../../../../arm-none-eabi/lib/thumb/v7e-m+fp/hard\libc_nano.a(lib_a-impure.o)
                              c:/st/stm32cubeide_1.9.0/stm32cubeide/plugins/com.st.stm32cube.ide.mcu.externaltools.gnu-tools-for-stm32.10.3-2021.10.win32_1.0.0.202111181127/tools/bin/../lib/gcc/arm-none-eabi/10.3.1/../../../../arm-none-eabi/lib/thumb/v7e-m+fp/hard\libc_nano.a(lib_a-exit.o) (_global_impure_ptr)
c:/st/stm32cubeide_1.9.0/stm32cubeide/plugins/com.st.stm32cube.ide.mcu.externaltools.gnu-tools-for-stm32.10.3-2021.10.win32_1.0.0.202111181127/tools/bin/../lib/gcc/arm-none-eabi/10.3.1/../../../../arm-none-eabi/lib/thumb/v7e-m+fp/hard\libc_nano.a(lib_a-init.o)
                              c:/st/stm32cubeide_1.9.0/stm32cubeide/plugins/com.st.stm32cube.ide.mcu.externaltools.gnu-tools-for-stm32.10.3-2021.10.win32_1.0.0.202111181127/tools/bin/../lib/gcc/arm-none-eabi/10.3.1/../../../../arm-none-eabi/lib/thumb/v7e-m+fp/hard/crt0.o (__libc_init_array)
c:/st/stm32cubeide_1.9.0/stm32cubeide/plugins/com.st.stm32cube.ide.mcu.externaltools.gnu-tools-for-stm32.10.3-2021.10.win32_1.0.0.202111181127/tools/bin/../lib/gcc/arm-none-eabi/10.3.1/../../../../arm-none-eabi/lib/thumb/v7e-m+fp/hard\libc_nano.a(lib_a-memset.o)
                              c:/st/stm32cubeide_1.9.0/stm32cubeide/plugins/com.st.stm32cube.ide.mcu.externaltools.gnu-tools-for-stm32.10.3-2021.10.win32_1.0.0.202111181127/tools/bin/../lib/gcc/arm-none-eabi/10.3.1/../../../../arm-none-eabi/lib/thumb/v7e-m+fp/hard/crt0.o (memset)
c:/st/stm32cubeide_1.9.0/stm32cubeide/plugins/com.st.stm32cube.ide.mcu.externaltools.gnu-tools-for-stm32.10.3-2021.10.win32_1.0.0.202111181127/tools/bin/../lib/gcc/arm-none-eabi/10.3.1/../../../../arm-none-eabi/lib/thumb/v7e-m+fp/hard\libc_nano.a(lib_a-snprintf.o)
                              ./Core/Src/main.o (snprintf)
c:/st/stm32cubeide_1.9.0/stm32cubeide/plugins/com.st.stm32cube.ide.mcu.externaltools.gnu-tools-for-stm32.10.3-2021.10.win32_1.0.0.202111181127/tools/bin/../lib/gcc/arm-none-eabi/10.3.1/../../../../arm-none-eabi/lib/thumb/v7e-m+fp/hard\libc_nano.a(lib_a-nano-svfprintf.o)
                              c:/st/stm32cubeide_1.9.0/stm32cubeide/plugins/com.st.stm32cube.ide.mcu.externaltools.gnu-tools-for-stm32.10.3-2021.10.win32_1.0.0.202111181127/tools/bin/../lib/gcc/arm-none-eabi/10.3.1/../../../../arm-none-eabi/lib/thumb/v7e-m+fp/hard\libc_nano.a(lib_a-snprintf.o) (_svfprintf_r)
c:/st/stm32cubeide_1.9.0/stm32cubeide/plugins/com.st.stm32cube.ide.mcu.externaltools.gnu-tools-for-stm32.10.3-2021.10.win32_1.0.0.202111181127/tools/bin/../lib/gcc/arm-none-eabi/10.3.1/../../../../arm-none-eabi/lib/thumb/v7e-m+fp/hard\libc_nano.a(lib_a-nano-vfprintf_i.o)
                              c:/st/stm32cubeide_1.9.0/stm32cubeide/plugins/com.st.stm32cube.ide.mcu.externaltools.gnu-tools-for-stm32.10.3-2021.10.win32_1.0.0.202111181127/tools/bin/../lib/gcc/arm-none-eabi/10.3.1/../../../../arm-none-eabi/lib/thumb/v7e-m+fp/hard\libc_nano.a(lib_a-nano-svfprintf.o) (_printf_i)
c:/st/stm32cubeide_1.9.0/stm32cubeide/plugins/com.st.stm32cube.ide.mcu.externaltools.gnu-tools-for-stm32.10.3-2021.10.win32_1.0.0.202111181127/tools/bin/../lib/gcc/arm-none-eabi/10.3.1/../../../../arm-none-eabi/lib/thumb/v7e-m+fp/hard\libc_nano.a(lib_a-memchr.o)
                              c:/st/stm32cubeide_1.9.0/stm32cubeide/plugins/com.st.stm32cube.ide.mcu.externaltools.gnu-tools-for-stm32.10.3-2021.10.win32_1.0.0.202111181127/tools/bin/../lib/gcc/arm-none-eabi/10.3.1/../../../../arm-none-eabi/lib/thumb/v7e-m+fp/hard\libc_nano.a(lib_a-nano-svfprintf.o) (memchr)
c:/st/stm32cubeide_1.9.0/stm32cubeide/plugins/com.st.stm32cube.ide.mcu.externaltools.gnu-tools-for-stm32.10.3-2021.10.win32_1.0.0.202111181127/tools/bin/../lib/gcc/arm-none-eabi/10.3.1/../../../../arm-none-eabi/lib/thumb/v7e-m+fp/hard\libc_nano.a(lib_a-memcpy-stub.o)
[...]
Memory Configuration

Name             Origin             Length             Attributes
CCMRAM           0x0000000010000000 0x0000000000010000 xrw
RAM              0x0000000020000000 0x0000000000020000 xrw
FLASH            0x0000000008000000 0x0000000000080000 xr
*default*        0x0000000000000000 0xffffffffffffffff

Linker script and memory map

LOAD c:/st/stm32cubeide_1.9.0/stm32cubeide/plugins/com.st.stm32cube.ide.mcu.externaltools.gnu-tools-for-stm32.10.3-2021.10.win32_1.0.0.202111181127/tools/bin/../lib/gcc/arm-none-eabi/10.3.1/thumb/v7e-m+fp/hard/crti.o
LOAD c:/st/stm32cubeide_1.9.0/stm32cubeide/plugins/com.st.stm32cube.ide.mcu.externaltools.gnu-tools-for-stm32.10.3-2021.10.win32_1.0.0.202111181127/tools/bin/../lib/gcc/arm-none-eabi/10.3.1/thumb/v7e-m+fp/hard/crtbegin.o
LOAD c:/st/stm32cubeide_1.9.0/stm32cubeide/plugins/com.st.stm32cube.ide.mcu.externaltools.gnu-tools-for-stm32.10.3-2021.10.win32_1.0.0.202111181127/tools/bin/../lib/gcc/arm-none-eabi/10.3.1/../../../../arm-none-eabi/lib/thumb/v7e-m+fp/hard/crt0.o
LOAD ./Core/Src/main.o
LOAD ./Core/Src/stm32f4xx_hal_msp.o
LOAD ./Core/Src/stm32f4xx_it.o
LOAD ./Core/Src/syscalls.o
LOAD ./Core/Src/sysmem.o
LOAD ./Core/Src/system_stm32f4xx.o
LOAD ./Core/Startup/startup_stm32f407vetx.o
LOAD ./Drivers/STM32F4xx_HAL_Driver/Src/stm32f4xx_hal.o
LOAD ./Drivers/STM32F4xx_HAL_Driver/Src/stm32f4xx_hal_cortex.o
LOAD ./Drivers/STM32F4xx_HAL_Driver/Src/stm32f4xx_hal_dma.o
LOAD ./Drivers/STM32F4xx_HAL_Driver/Src/stm32f4xx_hal_dma_ex.o
LOAD ./Drivers/STM32F4xx_HAL_Driver/Src/stm32f4xx_hal_exti.o
LOAD ./Drivers/STM32F4xx_HAL_Driver/Src/stm32f4xx_hal_flash.o
LOAD ./Drivers/STM32F4xx_HAL_Driver/Src/stm32f4xx_hal_flash_ex.o
LOAD ./Drivers/STM32F4xx_HAL_Driver/Src/stm32f4xx_hal_flash_ramfunc.o
LOAD ./Drivers/STM32F4xx_HAL_Driver/Src/stm32f4xx_hal_gpio.o
LOAD ./Drivers/STM32F4xx_HAL_Driver/Src/stm32f4xx_hal_pwr.o
LOAD ./Drivers/STM32F4xx_HAL_Driver/Src/stm32f4xx_hal_pwr_ex.o
LOAD ./Drivers/STM32F4xx_HAL_Driver/Src/stm32f4xx_hal_rcc.o
LOAD ./Drivers/STM32F4xx_HAL_Driver/Src/stm32f4xx_hal_rcc_ex.o
LOAD ./Drivers/STM32F4xx_HAL_Driver/Src/stm32f4xx_hal_tim.o
LOAD ./Drivers/STM32F4xx_HAL_Driver/Src/stm32f4xx_hal_tim_ex.o
LOAD ./PeripheralDrivers/Src/encoders.o
LOAD ./PeripheralDrivers/Src/motors.o
LOAD ./PeripheralDrivers/Src/odom.o
LOAD ./PeripheralDrivers/Src/oled.o
LOAD ./PeripheralDrivers/Src/pid.o
START GROUP
LOAD c:/st/stm32cubeide_1.9.0/stm32cubeide/plugins/com.st.stm32cube.ide.mcu.externaltools.gnu-tools-for-stm32.10.3-2021.10.win32_1.0.0.202111181127/tools/bin/../lib/gcc/arm-none-eabi/10.3.1/../../../../arm-none-eabi/lib/thumb/v7e-m+fp/hard\libc_nano.a
LOAD c:/st/stm32cubeide_1.9.0/stm32cubeide/plugins/com.st.stm32cube.ide.mcu.externaltools.gnu-tools-for-stm32.10.3-2021.10.win32_1.0.0.202111181127/tools/bin/../lib/gcc/arm-none-eabi/10.3.1/../../../../arm-none-eabi/lib/thumb/v7e-m+fp/hard\libm.a
END GROUP
START GROUP
LOAD c:/st/stm32cubeide_1.9.0/stm32cubeide/plugins/com.st.stm32cube.ide.mcu.externaltools.gnu-tools-for-stm32.10.3-2021.10.win32_1.0.0.202111181127/tools/bin/../lib/gcc/arm-none-eabi/10.3.1/thumb/v7e-m+fp/hard\libgcc.a
LOAD c:/st/stm32cubeide_1.9.0/stm32cubeide/plugins/com.st.stm32cube.ide.mcu.externaltools.gnu-tools-for-stm32.10.3-2021.10.win32_1.0.0.202111181127/tools/bin/../lib/gcc/arm-none-eabi/10.3.1/../../../../arm-none-eabi/lib/thumb/v7e-m+fp/hard\libc_nano.a
END GROUP
START GROUP
LOAD c:/st/stm32cubeide_1.9.0/stm32cubeide/plugins/com.st.stm32cube.ide.mcu.externaltools.gnu-tools-for-stm32.10.3-2021.10.win32_1.0.0.202111181127/tools/bin/../lib/gcc/arm-none-eabi/10.3.1/thumb/v7e-m+fp/hard\libgcc.a
LOAD c:/st/stm32cubeide_1.9.0/stm32cubeide/plugins/com.st.stm32cube.ide.mcu.externaltools.gnu-tools-for-stm32.10.3-2021.10.win32_1.0.0.202111181127/tools/bin/../lib/gcc/arm-none-eabi/10.3.1/../../../../arm-none-eabi/lib/thumb/v7e-m+fp/hard\libc_nano.a
LOAD c:/st/stm32cubeide_1.9.0/stm32cubeide/plugins/com.st.stm32cube.ide.mcu.externaltools.gnu-tools-for-stm32.10.3-2021.10.win32_1.0.0.202111181127/tools/bin/../lib/gcc/arm-none-eabi/10.3.1/../../../../arm-none-eabi/lib/thumb/v7e-m+fp/hard\libnosys.a
END GROUP
START GROUP
LOAD c:/st/stm32cubeide_1.9.0/stm32cubeide/plugins/com.st.stm32cube.ide.mcu.externaltools.gnu-tools-for-stm32.10.3-2021.10.win32_1.0.0.202111181127/tools/bin/../lib/gcc/arm-none-eabi/10.3.1/thumb/v7e-m+fp/hard\libgcc.a
LOAD c:/st/stm32cubeide_1.9.0/stm32cubeide/plugins/com.st.stm32cube.ide.mcu.externaltools.gnu-tools-for-stm32.10.3-2021.10.win32_1.0.0.202111181127/tools/bin/../lib/gcc/arm-none-eabi/10.3.1/../../../../arm-none-eabi/lib/thumb/v7e-m+fp/hard\libc_nano.a
LOAD c:/st/stm32cubeide_1.9.0/stm32cubeide/plugins/com.st.stm32cube.ide.mcu.externaltools.gnu-tools-for-stm32.10.3-2021.10.win32_1.0.0.202111181127/tools/bin/../lib/gcc/arm-none-eabi/10.3.1/../../../../arm-none-eabi/lib/thumb/v7e-m+fp/hard\libnosys.a
END GROUP
LOAD c:/st/stm32cubeide_1.9.0/stm32cubeide/plugins/com.st.stm32cube.ide.mcu.externaltools.gnu-tools-for-stm32.10.3-2021.10.win32_1.0.0.202111181127/tools/bin/../lib/gcc/arm-none-eabi/10.3.1/thumb/v7e-m+fp/hard/crtend.o
LOAD c:/st/stm32cubeide_1.9.0/stm32cubeide/plugins/com.st.stm32cube.ide.mcu.externaltools.gnu-tools-for-stm32.10.3-2021.10.win32_1.0.0.202111181127/tools/bin/../lib/gcc/arm-none-eabi/10.3.1/thumb/v7e-m+fp/hard/crtn.o
                0x0000000020020000                _estack = (ORIGIN (RAM) + LENGTH (RAM))
                0x0000000000000200                _Min_Heap_Size = 0x200
                0x0000000000000400                _Min_Stack_Size = 0x400

.isr_vector     0x0000000008000000      0x188
                0x0000000008000000                . = ALIGN (0x4)
 *(.isr_vector)
 .isr_vector    0x0000000008000000      0x188 ./Core/Startup/startup_stm32f407vetx.o
                0x0000000008000000                g_pfnVectors
                0x0000000008000188                . = ALIGN (0x4)

.text           0x0000000008000190     0x59a0
                0x0000000008000190                . = ALIGN (0x4)
 *(.text)
 .text          0x0000000008000190       0x40 c:/st/stm32cubeide_1.9.0/stm32cubeide/plugins/com.st.stm32cube.ide.mcu.externaltools.gnu-tools-for-stm32.10.3-2021.10.win32_1.0.0.202111181127/tools/bin/../lib/gcc/arm-none-eabi/10.3.1/thumb/v7e-m+fp/hard/crtbegin.o
 .text          0x00000000080001d0       0xa0 c:/st/stm32cubeide_1.9.0/stm32cubeide/plugins/com.st.stm32cube.ide.mcu.externaltools.gnu-tools-for-stm32.10.3-2021.10.win32_1.0.0.202111181127/tools/bin/../lib/gcc/arm-none-eabi/10.3.1/../../../../arm-none-eabi/lib/thumb/v7e-m+fp/hard\libc_nano.a(lib_a-memchr.o)
                0x00000000080001d0                memchr
 .text          0x0000000008000270       0x30 c:/st/stm32cubeide_1.9.0/stm32cubeide/plugins/com.st.stm32cube.ide.mcu.externaltools.gnu-tools-for-stm32.10.3-2021.10.win32_1.0.0.202111181127/tools/bin/../lib/gcc/arm-none-eabi/10.3.1/thumb/v7e-m+fp/hard\libgcc.a(_aeabi_uldivmod.o)
                0x0000000008000270                __aeabi_uldivmod
 .text          0x00000000080002a0      0x2d0 c:/st/stm32cubeide_1.9.0/stm32cubeide/plugins/com.st.stm32cube.ide.mcu.externaltools.gnu-tools-for-stm32.10.3-2021.10.win32_1.0.0.202111181127/tools/bin/../lib/gcc/arm-none-eabi/10.3.1/thumb/v7e-m+fp/hard\libgcc.a(_udivmoddi4.o)
                0x00000000080002a0                __udivmoddi4
 .text          0x0000000008000570        0x4 c:/st/stm32cubeide_1.9.0/stm32cubeide/plugins/com.st.stm32cube.ide.mcu.externaltools.gnu-tools-for-stm32.10.3-2021.10.win32_1.0.0.202111181127/tools/bin/../lib/gcc/arm-none-eabi/10.3.1/thumb/v7e-m+fp/hard\libgcc.a(_dvmd_tls.o)
                0x0000000008000570                __aeabi_idiv0
                0x0000000008000570                __aeabi_ldiv0
 *(.text*)
 .text.main     0x0000000008000574      0x11c ./Core/Src/main.o
                0x0000000008000574                main
 .text.SystemClock_Config
                0x0000000008000690       0xd4 ./Core/Src/main.o
                0x0000000008000690                SystemClock_Config
 .text.MX_TIM2_Init
                0x0000000008000764       0xa8 ./Core/Src/main.o
 .text.MX_TIM3_Init
                0x000000000800080c       0xa8 ./Core/Src/main.o
 .text.MX_TIM4_Init
                0x00000000080008b4       0xc8 ./Core/Src/main.o
 .text.MX_TIM6_Init
                0x000000000800097c       0x6c ./Core/Src/main.o
 .text.MX_TIM8_Init
                0x00000000080009e8      0x154 ./Core/Src/main.o
 .text.MX_TIM9_Init
                0x0000000008000b3c       0xa0 ./Core/Src/main.o
 .text.MX_GPIO_Init
                0x0000000008000bdc      0x128 ./Core/Src/main.o
 .text.HAL_TIM_PeriodElapsedCallback
                0x0000000008000d04       0x2c ./Core/Src/main.o
                0x0000000008000d04                HAL_TIM_PeriodElapsedCallback
 .text.Error_Handler
                0x0000000008000d30        0xa ./Core/Src/main.o
                0x0000000008000d30                Error_Handler
 *fill*         0x0000000008000d3a        0x2 
 .text.HAL_MspInit
                0x0000000008000d3c       0x50 ./Core/Src/stm32f4xx_hal_msp.o
                0x0000000008000d3c                HAL_MspInit
 .text.HAL_TIM_Encoder_MspInit
                0x0000000008000d8c      0x134 ./Core/Src/stm32f4xx_hal_msp.o
                0x0000000008000d8c                HAL_TIM_Encoder_MspInit
 .text.HAL_TIM_PWM_MspInit
                0x0000000008000ec0       0x9c ./Core/Src/stm32f4xx_hal_msp.o
                0x0000000008000ec0                HAL_TIM_PWM_MspInit
 .text.HAL_TIM_Base_MspInit
                0x0000000008000f5c       0x50 ./Core/Src/stm32f4xx_hal_msp.o
                0x0000000008000f5c                HAL_TIM_Base_MspInit
 .text.HAL_TIM_MspPostInit
                0x0000000008000fac      0x118 ./Core/Src/stm32f4xx_hal_msp.o
                0x0000000008000fac                HAL_TIM_MspPostInit
 .text.NMI_Handler
                0x00000000080010c4        0x6 ./Core/Src/stm32f4xx_it.o
                0x00000000080010c4                NMI_Handler
 .text.HardFault_Handler
                0x00000000080010ca        0x6 ./Core/Src/stm32f4xx_it.o
                0x00000000080010ca                HardFault_Handler
 .text.MemManage_Handler
                0x00000000080010d0        0x6 ./Core/Src/stm32f4xx_it.o
                0x00000000080010d0                MemManage_Handler
 .text.BusFault_Handler
                0x00000000080010d6        0x6 ./Core/Src/stm32f4xx_it.o
                0x00000000080010d6                BusFault_Handler
 .text.UsageFault_Handler
                0x00000000080010dc        0x6 ./Core/Src/stm32f4xx_it.o
                0x00000000080010dc                UsageFault_Handler
 .text.SVC_Handler
                0x00000000080010e2        0xe ./Core/Src/stm32f4xx_it.o
                0x00000000080010e2                SVC_Handler
 .text.DebugMon_Handler
                0x00000000080010f0        0xe ./Core/Src/stm32f4xx_it.o
                0x00000000080010f0                DebugMon_Handler
 .text.PendSV_Handler
                0x00000000080010fe        0xe ./Core/Src/stm32f4xx_it.o
                0x00000000080010fe                PendSV_Handler
 .text.SysTick_Handler
                0x000000000800110c        0xc ./Core/Src/stm32f4xx_it.o
                0x000000000800110c                SysTick_Handler
 .text.TIM6_DAC_IRQHandler
                0x0000000008001118       0x14 ./Core/Src/stm32f4xx_it.o
                0x0000000008001118                TIM6_DAC_IRQHandler
 .text._sbrk    0x000000000800112c       0x6c ./Core/Src/sysmem.o
                0x000000000800112c                _sbrk
 .text.SystemInit
                0x0000000008001198       0x24 ./Core/Src/system_stm32f4xx.o
                0x0000000008001198                SystemInit
 .text.Reset_Handler
                0x00000000080011bc       0x50 ./Core/Startup/startup_stm32f407vetx.o
                0x00000000080011bc                Reset_Handler
 .text.Default_Handler
                0x000000000800120c        0x2 ./Core/Startup/startup_stm32f407vetx.o
                0x000000000800120c                RTC_Alarm_IRQHandler
                0x000000000800120c                HASH_RNG_IRQHandler
                0x000000000800120c                EXTI2_IRQHandler
                0x000000000800120c                TIM8_CC_IRQHandler
                0x000000000800120c                TIM1_CC_IRQHandler
                0x000000000800120c                DMA2_Stream5_IRQHandler
                0x000000000800120c                DMA1_Stream5_IRQHandler
                0x000000000800120c                PVD_IRQHandler
                0x000000000800120c                SDIO_IRQHandler
                0x000000000800120c                TAMP_STAMP_IRQHandler
                0x000000000800120c                CAN2_RX1_IRQHandler
                0x000000000800120c                EXTI3_IRQHandler
                0x000000000800120c                TIM8_TRG_COM_TIM14_IRQHandler
                0x000000000800120c                TIM1_UP_TIM10_IRQHandler
                0x000000000800120c                TIM8_UP_TIM13_IRQHandler
                0x000000000800120c                I2C3_ER_IRQHandler
                0x000000000800120c                EXTI0_IRQHandler
                0x000000000800120c                I2C2_EV_IRQHandler
                0x000000000800120c                DMA1_Stream2_IRQHandler
                0x000000000800120c                CAN1_RX0_IRQHandler
                0x000000000800120c                FPU_IRQHandler
                0x000000000800120c                OTG_HS_WKUP_IRQHandler
                0x000000000800120c                CAN2_SCE_IRQHandler
                0x000000000800120c                DMA2_Stream2_IRQHandler
                0x000000000800120c                SPI1_IRQHandler
                0x000000000800120c                TIM1_BRK_TIM9_IRQHandler
                0x000000000800120c                DCMI_IRQHandler
                0x000000000800120c                CAN2_RX0_IRQHandler
                0x000000000800120c                DMA2_Stream3_IRQHandler
                0x000000000800120c                USART6_IRQHandler
                0x000000000800120c                USART3_IRQHandler
                0x000000000800120c                CAN1_RX1_IRQHandler
                0x000000000800120c                UART5_IRQHandler
                0x000000000800120c                DMA2_Stream0_IRQHandler
                0x000000000800120c                TIM4_IRQHandler
                0x000000000800120c                I2C1_EV_IRQHandler
                0x000000000800120c                DMA1_Stream6_IRQHandler
                0x000000000800120c                DMA1_Stream1_IRQHandler
                0x000000000800120c                UART4_IRQHandler
                0x000000000800120c                TIM3_IRQHandler
                0x000000000800120c                RCC_IRQHandler
                0x000000000800120c                TIM8_BRK_TIM12_IRQHandler
                0x000000000800120c                Default_Handler
                0x000000000800120c                EXTI15_10_IRQHandler
                0x000000000800120c                ADC_IRQHandler
                0x000000000800120c                DMA1_Stream7_IRQHandler
                0x000000000800120c                TIM7_IRQHandler
                0x000000000800120c                CAN2_TX_IRQHandler
                0x000000000800120c                TIM5_IRQHandler
                0x000000000800120c                DMA2_Stream7_IRQHandler
                0x000000000800120c                I2C3_EV_IRQHandler
                0x000000000800120c                EXTI9_5_IRQHandler
                0x000000000800120c                RTC_WKUP_IRQHandler
                0x000000000800120c                ETH_WKUP_IRQHandler
                0x000000000800120c                SPI2_IRQHandler
                0x000000000800120c                OTG_HS_EP1_IN_IRQHandler
                0x000000000800120c                DMA1_Stream0_IRQHandler
                0x000000000800120c                CAN1_TX_IRQHandler
                0x000000000800120c                EXTI4_IRQHandler
                0x000000000800120c                FSMC_IRQHandler
                0x000000000800120c                ETH_IRQHandler
                0x000000000800120c                OTG_HS_EP1_OUT_IRQHandler
                0x000000000800120c                WWDG_IRQHandler
                0x000000000800120c                TIM2_IRQHandler
                0x000000000800120c                OTG_FS_WKUP_IRQHandler
                0x000000000800120c                TIM1_TRG_COM_TIM11_IRQHandler
                0x000000000800120c                OTG_HS_IRQHandler
                0x000000000800120c                EXTI1_IRQHandler
                0x000000000800120c                USART2_IRQHandler
                0x000000000800120c                I2C2_ER_IRQHandler
                0x000000000800120c                DMA2_Stream1_IRQHandler
                0x000000000800120c                CAN1_SCE_IRQHandler
                0x000000000800120c                FLASH_IRQHandler
                0x000000000800120c                DMA2_Stream4_IRQHandler
                0x000000000800120c                USART1_IRQHandler
                0x000000000800120c                OTG_FS_IRQHandler
                0x000000000800120c                SPI3_IRQHandler
                0x000000000800120c                DMA1_Stream4_IRQHandler
                0x000000000800120c                I2C1_ER_IRQHandler
                0x000000000800120c                DMA2_Stream6_IRQHandler
                0x000000000800120c                DMA1_Stream3_IRQHandler
 *fill*         0x000000000800120e        0x2 
 .text.HAL_Init
                0x0000000008001210       0x44 ./Drivers/STM32F4xx_HAL_Driver/Src/stm32f4xx_hal.o
                0x0000000008001210                HAL_Init
 .text.HAL_InitTick
                0x0000000008001254       0x60 ./Drivers/STM32F4xx_HAL_Driver/Src/stm32f4xx_hal.o
                0x0000000008001254                HAL_InitTick
 .text.HAL_IncTick
                0x00000000080012b4       0x28 ./Drivers/STM32F4xx_HAL_Driver/Src/stm32f4xx_hal.o
                0x00000000080012b4                HAL_IncTick
 .text.HAL_GetTick
                0x00000000080012dc       0x18 ./Drivers/STM32F4xx_HAL_Driver/Src/stm32f4xx_hal.o
                0x00000000080012dc                HAL_GetTick
 .text.HAL_Delay
                0x00000000080012f4       0x48 ./Drivers/STM32F4xx_HAL_Driver/Src/stm32f4xx_hal.o
                0x00000000080012f4                HAL_Delay
 .text.__NVIC_SetPriorityGrouping
                0x000000000800133c       0x48 ./Drivers/STM32F4xx_HAL_Driver/Src/stm32f4xx_hal_cortex.o
 .text.__NVIC_GetPriorityGrouping
                0x0000000008001384       0x1c ./Drivers/STM32F4xx_HAL_Driver/Src/stm32f4xx_hal_cortex.o
 .text.__NVIC_EnableIRQ
                0x00000000080013a0       0x3c ./Drivers/STM32F4xx_HAL_Driver/Src/stm32f4xx_hal_cortex.o
 .text.__NVIC_SetPriority
                0x00000000080013dc       0x54 ./Drivers/STM32F4xx_HAL_Driver/Src/stm32f4xx_hal_cortex.o
 .text.NVIC_EncodePriority
                0x0000000008001430       0x66 ./Drivers/STM32F4xx_HAL_Driver/Src/stm32f4xx_hal_cortex.o
 *fill*         0x0000000008001496        0x2 
 .text.SysTick_Config
                0x0000000008001498       0x44 ./Drivers/STM32F4xx_HAL_Driver/Src/stm32f4xx_hal_cortex.o
 .text.HAL_NVIC_SetPriorityGrouping
                0x00000000080014dc       0x16 ./Drivers/STM32F4xx_HAL_Driver/Src/stm32f4xx_hal_cortex.o
                0x00000000080014dc                HAL_NVIC_SetPriorityGrouping
 .text.HAL_NVIC_SetPriority
                0x00000000080014f2       0x38 ./Drivers/STM32F4xx_HAL_Driver/Src/stm32f4xx_hal_cortex.o
                0x00000000080014f2                HAL_NVIC_SetPriority
 .text.HAL_NVIC_EnableIRQ
                0x000000000800152a       0x1c ./Drivers/STM32F4xx_HAL_Driver/Src/stm32f4xx_hal_cortex.o
                0x000000000800152a                HAL_NVIC_EnableIRQ
 .text.HAL_SYSTICK_Config
                0x0000000008001546       0x18 ./Drivers/STM32F4xx_HAL_Driver/Src/stm32f4xx_hal_cortex.o
                0x0000000008001546                HAL_SYSTICK_Config
 *fill*         0x000000000800155e        0x2 
 .text.HAL_GPIO_Init
                0x0000000008001560      0x338 ./Drivers/STM32F4xx_HAL_Driver/Src/stm32f4xx_hal_gpio.o
                0x0000000008001560                HAL_GPIO_Init
 .text.HAL_GPIO_WritePin
                0x0000000008001898       0x32 ./Drivers/STM32F4xx_HAL_Driver/Src/stm32f4xx_hal_gpio.o
                0x0000000008001898                HAL_GPIO_WritePin
 *fill*         0x00000000080018ca        0x2 
 .text.HAL_PWR_EnableBkUpAccess
                0x00000000080018cc       0x28 ./Drivers/STM32F4xx_HAL_Driver/Src/stm32f4xx_hal_pwr.o
                0x00000000080018cc                HAL_PWR_EnableBkUpAccess
 .text.HAL_PWR_DisableBkUpAccess
                0x00000000080018f4       0x28 ./Drivers/STM32F4xx_HAL_Driver/Src/stm32f4xx_hal_pwr.o
                0x00000000080018f4                HAL_PWR_DisableBkUpAccess
 .text.HAL_RCC_OscConfig
                0x000000000800191c      0x4f0 ./Drivers/STM32F4xx_HAL_Driver/Src/stm32f4xx_hal_rcc.o
                0x000000000800191c                HAL_RCC_OscConfig
 .text.HAL_RCC_ClockConfig
                0x0000000008001e0c      0x1cc ./Drivers/STM32F4xx_HAL_Driver/Src/stm32f4xx_hal_rcc.o
                0x0000000008001e0c                HAL_RCC_ClockConfig
 .text.HAL_RCC_GetSysClockFreq
                0x0000000008001fd8      0x20c ./Drivers/STM32F4xx_HAL_Driver/Src/stm32f4xx_hal_rcc.o
                0x0000000008001fd8                HAL_RCC_GetSysClockFreq
 .text.HAL_TIM_Base_Init
                0x00000000080021e4       0x9e ./Drivers/STM32F4xx_HAL_Driver/Src/stm32f4xx_hal_tim.o
                0x00000000080021e4                HAL_TIM_Base_Init
 *fill*         0x0000000008002282        0x2 
 .text.HAL_TIM_Base_Start_IT
                0x0000000008002284       0xe0 ./Drivers/STM32F4xx_HAL_Driver/Src/stm32f4xx_hal_tim.o
                0x0000000008002284                HAL_TIM_Base_Start_IT
 .text.HAL_TIM_PWM_Init
                0x0000000008002364       0x9e ./Drivers/STM32F4xx_HAL_Driver/Src/stm32f4xx_hal_tim.o
                0x0000000008002364                HAL_TIM_PWM_Init
 *fill*         0x0000000008002402        0x2 
 .text.HAL_TIM_PWM_Start
                0x0000000008002404      0x190 ./Drivers/STM32F4xx_HAL_Driver/Src/stm32f4xx_hal_tim.o
                0x0000000008002404                HAL_TIM_PWM_Start
 .text.HAL_TIM_Encoder_Init
                0x0000000008002594      0x14c ./Drivers/STM32F4xx_HAL_Driver/Src/stm32f4xx_hal_tim.o
                0x0000000008002594                HAL_TIM_Encoder_Init
 .text.HAL_TIM_Encoder_Start
                0x00000000080026e0      0x11c ./Drivers/STM32F4xx_HAL_Driver/Src/stm32f4xx_hal_tim.o
                0x00000000080026e0                HAL_TIM_Encoder_Start
 .text.HAL_TIM_IRQHandler
                0x00000000080027fc      0x210 ./Drivers/STM32F4xx_HAL_Driver/Src/stm32f4xx_hal_tim.o
                0x00000000080027fc                HAL_TIM_IRQHandler
 .text.HAL_TIM_PWM_ConfigChannel
                0x0000000008002a0c      0x184 ./Drivers/STM32F4xx_HAL_Driver/Src/stm32f4xx_hal_tim.o
                0x0000000008002a0c                HAL_TIM_PWM_ConfigChannel
 .text.HAL_TIM_OC_DelayElapsedCallback
                0x0000000008002b90       0x14 ./Drivers/STM32F4xx_HAL_Driver/Src/stm32f4xx_hal_tim.o
                0x0000000008002b90                HAL_TIM_OC_DelayElapsedCallback
 .text.HAL_TIM_IC_CaptureCallback
                0x0000000008002ba4       0x14 ./Drivers/STM32F4xx_HAL_Driver/Src/stm32f4xx_hal_tim.o
                0x0000000008002ba4                HAL_TIM_IC_CaptureCallback
 .text.HAL_TIM_PWM_PulseFinishedCallback
                0x0000000008002bb8       0x14 ./Drivers/STM32F4xx_HAL_Driver/Src/stm32f4xx_hal_tim.o
                0x0000000008002bb8                HAL_TIM_PWM_PulseFinishedCallback
 .text.HAL_TIM_TriggerCallback
                0x0000000008002bcc       0x14 ./Drivers/STM32F4xx_HAL_Driver/Src/stm32f4xx_hal_tim.o
                0x0000000008002bcc                HAL_TIM_TriggerCallback
 .text.TIM_Base_SetConfig
                0x0000000008002be0      0x140 ./Drivers/STM32F4xx_HAL_Driver/Src/stm32f4xx_hal_tim.o
                0x0000000008002be0                TIM_Base_SetConfig
 .text.TIM_OC1_SetConfig
                0x0000000008002d20       0xe0 ./Drivers/STM32F4xx_HAL_Driver/Src/stm32f4xx_hal_tim.o
 .text.TIM_OC2_SetConfig
                0x0000000008002e00       0xec ./Drivers/STM32F4xx_HAL_Driver/Src/stm32f4xx_hal_tim.o
                0x0000000008002e00                TIM_OC2_SetConfig
 .text.TIM_OC3_SetConfig
                0x0000000008002eec       0xe8 ./Drivers/STM32F4xx_HAL_Driver/Src/stm32f4xx_hal_tim.o
 .text.TIM_OC4_SetConfig
                0x0000000008002fd4       0xac ./Drivers/STM32F4xx_HAL_Driver/Src/stm32f4xx_hal_tim.o
 .text.TIM_CCxChannelCmd
                0x0000000008003080       0x4a ./Drivers/STM32F4xx_HAL_Driver/Src/stm32f4xx_hal_tim.o
                0x0000000008003080                TIM_CCxChannelCmd
 *fill*         0x00000000080030ca        0x2 
 .text.HAL_TIMEx_MasterConfigSynchronization
                0x00000000080030cc       0xf8 ./Drivers/STM32F4xx_HAL_Driver/Src/stm32f4xx_hal_tim_ex.o
                0x00000000080030cc                HAL_TIMEx_MasterConfigSynchronization
 .text.HAL_TIMEx_ConfigBreakDeadTime
                0x00000000080031c4       0xa4 ./Drivers/STM32F4xx_HAL_Driver/Src/stm32f4xx_hal_tim_ex.o
                0x00000000080031c4                HAL_TIMEx_ConfigBreakDeadTime
 .text.HAL_TIMEx_CommutCallback
                0x0000000008003268       0x14 ./Drivers/STM32F4xx_HAL_Driver/Src/stm32f4xx_hal_tim_ex.o
                0x0000000008003268                HAL_TIMEx_CommutCallback
 .text.HAL_TIMEx_BreakCallback
                0x000000000800327c       0x14 ./Drivers/STM32F4xx_HAL_Driver/Src/stm32f4xx_hal_tim_ex.o
                0x000000000800327c                HAL_TIMEx_BreakCallback
 .text.Encoders_Init
                0x0000000008003290       0x84 ./PeripheralDrivers/Src/encoders.o
                0x0000000008003290                Encoders_Init
 .text.Encoders_Update
                0x0000000008003314       0xc0 ./PeripheralDrivers/Src/encoders.o
                0x0000000008003314                Encoders_Update
 .text.Encoder_A_GetCount
                0x00000000080033d4       0x18 ./PeripheralDrivers/Src/encoders.o
                0x00000000080033d4                Encoder_A_GetCount
 .text.Encoder_B_GetCount
                0x00000000080033ec       0x18 ./PeripheralDrivers/Src/encoders.o
                0x00000000080033ec                Encoder_B_GetCount
 .text.rpm_from_delta
                0x0000000008003404       0x4a ./PeripheralDrivers/Src/encoders.o
 *fill*         0x000000000800344e        0x2 
 .text.Encoder_A_GetRPM
                0x0000000008003450       0x24 ./PeripheralDrivers/Src/encoders.o
                0x0000000008003450                Encoder_A_GetRPM
 .text.Encoder_B_GetRPM
                0x0000000008003474       0x24 ./PeripheralDrivers/Src/encoders.o
                0x0000000008003474                Encoder_B_GetRPM
 .text.speed_to_ccr
                0x0000000008003498       0x4c ./PeripheralDrivers/Src/motors.o
 .text.motor_drive
                0x00000000080034e4      0x188 ./PeripheralDrivers/Src/motors.o
 .text.Motors_Init
                0x000000000800366c       0x50 ./PeripheralDrivers/Src/motors.o
                0x000000000800366c                Motors_Init
 .text.Motor_A_Set
                0x00000000080036bc       0x2c ./PeripheralDrivers/Src/motors.o
                0x00000000080036bc                Motor_A_Set
 .text.Motor_B_Set
                0x00000000080036e8       0x2c ./PeripheralDrivers/Src/motors.o
                0x00000000080036e8                Motor_B_Set
 .text.Servos_Init
                0x0000000008003714       0x54 ./PeripheralDrivers/Src/motors.o
                0x0000000008003714                Servos_Init
 .text.wrap180  0x0000000008003768       0x74 ./PeripheralDrivers/Src/odom.o
 .text.clampf   0x00000000080037dc       0x52 ./PeripheralDrivers/Src/odom.o
 *fill*         0x000000000800382e        0x2 
 .text.Odom_Init
                0x0000000008003830       0x48 ./PeripheralDrivers/Src/odom.o
                0x0000000008003830                Odom_Init
 .text.Odom_Reset
                0x0000000008003878       0x34 ./PeripheralDrivers/Src/odom.o
                0x0000000008003878                Odom_Reset
 .text.Odom_Update
                0x00000000080038ac      0x220 ./PeripheralDrivers/Src/odom.o
                0x00000000080038ac                Odom_Update
 .text.Odom_GetHeading
                0x0000000008003acc       0x1c ./PeripheralDrivers/Src/odom.o
                0x0000000008003acc                Odom_GetHeading
 .text.Odom_GetTrim
                0x0000000008003ae8       0x1c ./PeripheralDrivers/Src/odom.o
                0x0000000008003ae8                Odom_GetTrim
 .text.Odom_DriveStraight
                0x0000000008003b04       0x2c ./PeripheralDrivers/Src/odom.o
                0x0000000008003b04                Odom_DriveStraight
 .text.Odom_DriveHeading
                0x0000000008003b30       0x4c ./PeripheralDrivers/Src/odom.o
                0x0000000008003b30                Odom_DriveHeading
 .text.Odom_Stop
                0x0000000008003b7c       0x24 ./PeripheralDrivers/Src/odom.o
                0x0000000008003b7c                Odom_Stop
 .text.OLED_Refresh_Gram
                0x0000000008003ba0       0x70 ./PeripheralDrivers/Src/oled.o
                0x0000000008003ba0                OLED_Refresh_Gram
 .text.OLED_WR_Byte
                0x0000000008003c10       0x9c ./PeripheralDrivers/Src/oled.o
                0x0000000008003c10                OLED_WR_Byte
 .text.OLED_Clear
                0x0000000008003cac       0x4c ./PeripheralDrivers/Src/oled.o
                0x0000000008003cac                OLED_Clear
 .text.OLED_DrawPoint
                0x0000000008003cf8       0xb4 ./PeripheralDrivers/Src/oled.o
                0x0000000008003cf8                OLED_DrawPoint
 .text.OLED_ShowChar
                0x0000000008003dac       0xe4 ./PeripheralDrivers/Src/oled.o
                0x0000000008003dac                OLED_ShowChar
 .text.OLED_ShowString
                0x0000000008003e90       0x64 ./PeripheralDrivers/Src/oled.o
                0x0000000008003e90                OLED_ShowString
 .text.OLED_Init
                0x0000000008003ef4      0x11c ./PeripheralDrivers/Src/oled.o
                0x0000000008003ef4                OLED_Init
 .text.clampf   0x0000000008004010       0x52 ./PeripheralDrivers/Src/pid.o
 *fill*         0x0000000008004062        0x2 
 .text.feedforward
                0x0000000008004064       0x90 ./PeripheralDrivers/Src/pid.o
 .text.apply_deadband
                0x00000000080040f4       0xbc ./PeripheralDrivers/Src/pid.o
 .text.pid_reset
                0x00000000080041b0       0x32 ./PeripheralDrivers/Src/pid.o
 *fill*         0x00000000080041e2        0x2 
 .text.pid_step
                0x00000000080041e4      0x22c ./PeripheralDrivers/Src/pid.o
 .text.PID_Init
                0x0000000008004410       0x68 ./PeripheralDrivers/Src/pid.o
                0x0000000008004410                PID_Init
 .text.PID_Enable
                0x0000000008004478       0x50 ./PeripheralDrivers/Src/pid.o
                0x0000000008004478                PID_Enable
 .text.clamp_target
                0x00000000080044c8       0x4a ./PeripheralDrivers/Src/pid.o
 *fill*         0x0000000008004512        0x2 
 .text.PID_SetTargetA
                0x0000000008004514       0x38 ./PeripheralDrivers/Src/pid.o
                0x0000000008004514                PID_SetTargetA
 .text.PID_SetTargetB
                0x000000000800454c       0x38 ./PeripheralDrivers/Src/pid.o
                0x000000000800454c                PID_SetTargetB
 .text.PID_SetTargets
                0x0000000008004584       0x2c ./PeripheralDrivers/Src/pid.o
                0x0000000008004584                PID_SetTargets
 .text.PID_Stop
                0x00000000080045b0       0x28 ./PeripheralDrivers/Src/pid.o
                0x00000000080045b0                PID_Stop
 .text.PID_Update
                0x00000000080045d8       0x68 ./PeripheralDrivers/Src/pid.o
                0x00000000080045d8                PID_Update
 .text.PID_GetOutputA
                0x0000000008004640       0x18 ./PeripheralDrivers/Src/pid.o
                0x0000000008004640                PID_GetOutputA
 .text.PID_GetOutputB
                0x0000000008004658       0x18 ./PeripheralDrivers/Src/pid.o
                0x0000000008004658                PID_GetOutputB
 .text.__errno  0x0000000008004670        0xc c:/st/stm32cubeide_1.9.0/stm32cubeide/plugins/com.st.stm32cube.ide.mcu.externaltools.gnu-tools-for-stm32.10.3-2021.10.win32_1.0.0.202111181127/tools/bin/../lib/gcc/arm-none-eabi/10.3.1/../../../../arm-none-eabi/lib/thumb/v7e-m+fp/hard\libc_nano.a(lib_a-errno.o)
                0x0000000008004670                __errno
 .text.__libc_init_array
                0x000000000800467c       0x48 c:/st/stm32cubeide_1.9.0/stm32cubeide/plugins/com.st.stm32cube.ide.mcu.externaltools.gnu-tools-for-stm32.10.3-2021.10.win32_1.0.0.202111181127/tools/bin/../lib/gcc/arm-none-eabi/10.3.1/../../../../arm-none-eabi/lib/thumb/v7e-m+fp/hard\libc_nano.a(lib_a-init.o)
                0x000000000800467c                __libc_init_array
 .text.memset   0x00000000080046c4       0x10 c:/st/stm32cubeide_1.9.0/stm32cubeide/plugins/com.st.stm32cube.ide.mcu.externaltools.gnu-tools-for-stm32.10.3-2021.10.win32_1.0.0.202111181127/tools/bin/../lib/gcc/arm-none-eabi/10.3.1/../../../../arm-none-eabi/lib/thumb/v7e-m+fp/hard\libc_nano.a(lib_a-memset.o)
                0x00000000080046c4                memset
 .text.snprintf
                0x00000000080046d4       0x68 c:/st/stm32cubeide_1.9.0/stm32cubeide/plugins/com.st.stm32cube.ide.mcu.externaltools.gnu-tools-for-stm32.10.3-2021.10.win32_1.0.0.202111181127/tools/bin/../lib/gcc/arm-none-eabi/10.3.1/../../../../arm-none-eabi/lib/thumb/v7e-m+fp/hard\libc_nano.a(lib_a-snprintf.o)
                0x00000000080046d4                sniprintf
                0x00000000080046d4                snprintf
 .text.__ssputs_r
                0x000000000800473c       0xb6 c:/st/stm32cubeide_1.9.0/stm32cubeide/plugins/com.st.stm32cube.ide.mcu.externaltools.gnu-tools-for-stm32.10.3-2021.10.win32_1.0.0.202111181127/tools/bin/../lib/gcc/arm-none-eabi/10.3.1/../../../../arm-none-eabi/lib/thumb/v7e-m+fp/hard\libc_nano.a(lib_a-nano-svfprintf.o)
                0x000000000800473c                __ssputs_r
 *fill*         0x00000000080047f2        0x2 
 .text._svfprintf_r
                0x00000000080047f4      0x200 c:/st/stm32cubeide_1.9.0/stm32cubeide/plugins/com.st.stm32cube.ide.mcu.externaltools.gnu-tools-for-stm32.10.3-2021.10.win32_1.0.0.202111181127/tools/bin/../lib/gcc/arm-none-eabi/10.3.1/../../../../arm-none-eabi/lib/thumb/v7e-m+fp/hard\libc_nano.a(lib_a-nano-svfprintf.o)
                0x00000000080047f4                _svfiprintf_r
                0x00000000080047f4                _svfprintf_r
 .text._printf_common
                0x00000000080049f4       0xda c:/st/stm32cubeide_1.9.0/stm32cubeide/plugins/com.st.stm32cube.ide.mcu.externaltools.gnu-tools-for-stm32.10.3-2021.10.win32_1.0.0.202111181127/tools/bin/../lib/gcc/arm-none-eabi/10.3.1/../../../../arm-none-eabi/lib/thumb/v7e-m+fp/hard\libc_nano.a(lib_a-nano-vfprintf_i.o)
                0x00000000080049f4                _printf_common
 *fill*         0x0000000008004ace        0x2 
 .text._printf_i
                0x0000000008004ad0      0x24c c:/st/stm32cubeide_1.9.0/stm32cubeide/plugins/com.st.stm32cube.ide.mcu.externaltools.gnu-tools-for-stm32.10.3-2021.10.win32_1.0.0.202111181127/tools/bin/../lib/gcc/arm-none-eabi/10.3.1/../../../../arm-none-eabi/lib/thumb/v7e-m+fp/hard\libc_nano.a(lib_a-nano-vfprintf_i.o)
                0x0000000008004ad0                _printf_i
 .text.memcpy   0x0000000008004d1c       0x1c c:/st/stm32cubeide_1.9.0/stm32cubeide/plugins/com.st.stm32cube.ide.mcu.externaltools.gnu-tools-for-stm32.10.3-2021.10.win32_1.0.0.202111181127/tools/bin/../lib/gcc/arm-none-eabi/10.3.1/../../../../arm-none-eabi/lib/thumb/v7e-m+fp/hard\libc_nano.a(lib_a-memcpy-stub.o)
                0x0000000008004d1c                memcpy
 .text.memmove  0x0000000008004d38       0x34 c:/st/stm32cubeide_1.9.0/stm32cubeide/plugins/com.st.stm32cube.ide.mcu.externaltools.gnu-tools-for-stm32.10.3-2021.10.win32_1.0.0.202111181127/tools/bin/../lib/gcc/arm-none-eabi/10.3.1/../../../../arm-none-eabi/lib/thumb/v7e-m+fp/hard\libc_nano.a(lib_a-memmove.o)
                0x0000000008004d38                memmove
 .text._free_r  0x0000000008004d6c       0x98 c:/st/stm32cubeide_1.9.0/stm32cubeide/plugins/com.st.stm32cube.ide.mcu.externaltools.gnu-tools-for-stm32.10.3-2021.10.win32_1.0.0.202111181127/tools/bin/../lib/gcc/arm-none-eabi/10.3.1/../../../../arm-none-eabi/lib/thumb/v7e-m+fp/hard\libc_nano.a(lib_a-nano-freer.o)
                0x0000000008004d6c                _free_r
 .text.sbrk_aligned
                0x0000000008004e04       0x40 c:/st/stm32cubeide_1.9.0/stm32cubeide/plugins/com.st.stm32cube.ide.mcu.externaltools.gnu-tools-for-stm32.10.3-2021.10.win32_1.0.0.202111181127/tools/bin/../lib/gcc/arm-none-eabi/10.3.1/../../../../arm-none-eabi/lib/thumb/v7e-m+fp/hard\libc_nano.a(lib_a-nano-mallocr.o)
 .text._malloc_r
                0x0000000008004e44       0xe8 c:/st/stm32cubeide_1.9.0/stm32cubeide/plugins/com.st.stm32cube.ide.mcu.externaltools.gnu-tools-for-stm32.10.3-2021.10.win32_1.0.0.202111181127/tools/bin/../lib/gcc/arm-none-eabi/10.3.1/../../../../arm-none-eabi/lib/thumb/v7e-m+fp/hard\libc_nano.a(lib_a-nano-mallocr.o)
                0x0000000008004e44                _malloc_r
 .text._realloc_r
                0x0000000008004f2c       0x5e c:/st/stm32cubeide_1.9.0/stm32cubeide/plugins/com.st.stm32cube.ide.mcu.externaltools.gnu-tools-for-stm32.10.3-2021.10.win32_1.0.0.202111181127/tools/bin/../lib/gcc/arm-none-eabi/10.3.1/../../../../arm-none-eabi/lib/thumb/v7e-m+fp/hard\libc_nano.a(lib_a-nano-reallocr.o)
                0x0000000008004f2c                _realloc_r
 *fill*         0x0000000008004f8a        0x2 
 .text._sbrk_r  0x0000000008004f8c       0x20 c:/st/stm32cubeide_1.9.0/stm32cubeide/plugins/com.st.stm32cube.ide.mcu.externaltools.gnu-tools-for-stm32.10.3-2021.10.win32_1.0.0.202111181127/tools/bin/../lib/gcc/arm-none-eabi/10.3.1/../../../../arm-none-eabi/lib/thumb/v7e-m+fp/hard\libc_nano.a(lib_a-sbrkr.o)
                0x0000000008004f8c                _sbrk_r
 .text.__malloc_lock
                0x0000000008004fac        0xc c:/st/stm32cubeide_1.9.0/stm32cubeide/plugins/com.st.stm32cube.ide.mcu.externaltools.gnu-tools-for-stm32.10.3-2021.10.win32_1.0.0.202111181127/tools/bin/../lib/gcc/arm-none-eabi/10.3.1/../../../../arm-none-eabi/lib/thumb/v7e-m+fp/hard\libc_nano.a(lib_a-mlock.o)
                0x0000000008004fac                __malloc_lock
 .text.__malloc_unlock
                0x0000000008004fb8        0xc c:/st/stm32cubeide_1.9.0/stm32cubeide/plugins/com.st.stm32cube.ide.mcu.externaltools.gnu-tools-for-stm32.10.3-2021.10.win32_1.0.0.202111181127/tools/bin/../lib/gcc/arm-none-eabi/10.3.1/../../../../arm-none-eabi/lib/thumb/v7e-m+fp/hard\libc_nano.a(lib_a-mlock.o)
                0x0000000008004fb8                __malloc_unlock
 .text._malloc_usable_size_r
                0x0000000008004fc4       0x10 c:/st/stm32cubeide_1.9.0/stm32cubeide/plugins/com.st.stm32cube.ide.mcu.externaltools.gnu-tools-for-stm32.10.3-2021.10.win32_1.0.0.202111181127/tools/bin/../lib/gcc/arm-none-eabi/10.3.1/../../../../arm-none-eabi/lib/thumb/v7e-m+fp/hard\libc_nano.a(lib_a-nano-msizer.o)
                0x0000000008004fc4                _malloc_usable_size_r
 .text.__retarget_lock_acquire_recursive
                0x0000000008004fd4        0x2 c:/st/stm32cubeide_1.9.0/stm32cubeide/plugins/com.st.stm32cube.ide.mcu.externaltools.gnu-tools-for-stm32.10.3-2021.10.win32_1.0.0.202111181127/tools/bin/../lib/gcc/arm-none-eabi/10.3.1/../../../../arm-none-eabi/lib/thumb/v7e-m+fp/hard\libc_nano.a(lib_a-lock.o)
                0x0000000008004fd4                __retarget_lock_acquire_recursive
 .text.__retarget_lock_release_recursive
                0x0000000008004fd6        0x2 c:/st/stm32cubeide_1.9.0/stm32cubeide/plugins/com.st.stm32cube.ide.mcu.externaltools.gnu-tools-for-stm32.10.3-2021.10.win32_1.0.0.202111181127/tools/bin/../lib/gcc/arm-none-eabi/10.3.1/../../../../arm-none-eabi/lib/thumb/v7e-m+fp/hard\libc_nano.a(lib_a-lock.o)
                0x0000000008004fd6                __retarget_lock_release_recursive
 .text.cosf     0x0000000008004fd8       0x88 c:/st/stm32cubeide_1.9.0/stm32cubeide/plugins/com.st.stm32cube.ide.mcu.externaltools.gnu-tools-for-stm32.10.3-2021.10.win32_1.0.0.202111181127/tools/bin/../lib/gcc/arm-none-eabi/10.3.1/../../../../arm-none-eabi/lib/thumb/v7e-m+fp/hard\libm.a(lib_a-sf_cos.o)
                0x0000000008004fd8                cosf
 .text.sinf     0x0000000008005060       0x8c c:/st/stm32cubeide_1.9.0/stm32cubeide/plugins/com.st.stm32cube.ide.mcu.externaltools.gnu-tools-for-stm32.10.3-2021.10.win32_1.0.0.202111181127/tools/bin/../lib/gcc/arm-none-eabi/10.3.1/../../../../arm-none-eabi/lib/thumb/v7e-m+fp/hard\libm.a(lib_a-sf_sin.o)
                0x0000000008005060                sinf
 .text.__ieee754_rem_pio2f
                0x00000000080050ec      0x278 c:/st/stm32cubeide_1.9.0/stm32cubeide/plugins/com.st.stm32cube.ide.mcu.externaltools.gnu-tools-for-stm32.10.3-2021.10.win32_1.0.0.202111181127/tools/bin/../lib/gcc/arm-none-eabi/10.3.1/../../../../arm-none-eabi/lib/thumb/v7e-m+fp/hard\libm.a(lib_a-ef_rem_pio2.o)
                0x00000000080050ec                __ieee754_rem_pio2f
 .text.__kernel_cosf
                0x0000000008005364       0xc0 c:/st/stm32cubeide_1.9.0/stm32cubeide/plugins/com.st.stm32cube.ide.mcu.externaltools.gnu-tools-for-stm32.10.3-2021.10.win32_1.0.0.202111181127/tools/bin/../lib/gcc/arm-none-eabi/10.3.1/../../../../arm-none-eabi/lib/thumb/v7e-m+fp/hard\libm.a(lib_a-kf_cos.o)
                0x0000000008005364                __kernel_cosf
 .text.__kernel_rem_pio2f
                0x0000000008005424      0x4ec c:/st/stm32cubeide_1.9.0/stm32cubeide/plugins/com.st.stm32cube.ide.mcu.externaltools.gnu-tools-for-stm32.10.3-2021.10.win32_1.0.0.202111181127/tools/bin/../lib/gcc/arm-none-eabi/10.3.1/../../../../arm-none-eabi/lib/thumb/v7e-m+fp/hard\libm.a(lib_a-kf_rem_pio2.o)
                0x0000000008005424                __kernel_rem_pio2f
 .text.__kernel_sinf
                0x0000000008005910       0x90 c:/st/stm32cubeide_1.9.0/stm32cubeide/plugins/com.st.stm32cube.ide.mcu.externaltools.gnu-tools-for-stm32.10.3-2021.10.win32_1.0.0.202111181127/tools/bin/../lib/gcc/arm-none-eabi/10.3.1/../../../../arm-none-eabi/lib/thumb/v7e-m+fp/hard\libm.a(lib_a-kf_sin.o)
                0x0000000008005910                __kernel_sinf
 .text.fabsf    0x00000000080059a0        0xe c:/st/stm32cubeide_1.9.0/stm32cubeide/plugins/com.st.stm32cube.ide.mcu.externaltools.gnu-tools-for-stm32.10.3-2021.10.win32_1.0.0.202111181127/tools/bin/../lib/gcc/arm-none-eabi/10.3.1/../../../../arm-none-eabi/lib/thumb/v7e-m+fp/hard\libm.a(lib_a-sf_fabs.o)
                0x00000000080059a0                fabsf
 *fill*         0x00000000080059ae        0x2 
 .text.floorf   0x00000000080059b0       0x84 c:/st/stm32cubeide_1.9.0/stm32cubeide/plugins/com.st.stm32cube.ide.mcu.externaltools.gnu-tools-for-stm32.10.3-2021.10.win32_1.0.0.202111181127/tools/bin/../lib/gcc/arm-none-eabi/10.3.1/../../../../arm-none-eabi/lib/thumb/v7e-m+fp/hard\libm.a(lib_a-sf_floor.o)
                0x00000000080059b0                floorf
 .text.scalbnf  0x0000000008005a34       0xe4 c:/st/stm32cubeide_1.9.0/stm32cubeide/plugins/com.st.stm32cube.ide.mcu.externaltools.gnu-tools-for-stm32.10.3-2021.10.win32_1.0.0.202111181127/tools/bin/../lib/gcc/arm-none-eabi/10.3.1/../../../../arm-none-eabi/lib/thumb/v7e-m+fp/hard\libm.a(lib_a-sf_scalbn.o)
                0x0000000008005a34                scalbnf
 *(.glue_7)
 .glue_7        0x0000000008005b18        0x0 linker stubs
 *(.glue_7t)
 .glue_7t       0x0000000008005b18        0x0 linker stubs
 *(.eh_frame)
 .eh_frame      0x0000000008005b18        0x0 c:/st/stm32cubeide_1.9.0/stm32cubeide/plugins/com.st.stm32cube.ide.mcu.externaltools.gnu-tools-for-stm32.10.3-2021.10.win32_1.0.0.202111181127/tools/bin/../lib/gcc/arm-none-eabi/10.3.1/thumb/v7e-m+fp/hard/crtbegin.o
 *(.init)
 .init          0x0000000008005b18        0x4 c:/st/stm32cubeide_1.9.0/stm32cubeide/plugins/com.st.stm32cube.ide.mcu.externaltools.gnu-tools-for-stm32.10.3-2021.10.win32_1.0.0.202111181127/tools/bin/../lib/gcc/arm-none-eabi/10.3.1/thumb/v7e-m+fp/hard/crti.o
                0x0000000008005b18                _init
 .init          0x0000000008005b1c        0x8 c:/st/stm32cubeide_1.9.0/stm32cubeide/plugins/com.st.stm32cube.ide.mcu.externaltools.gnu-tools-for-stm32.10.3-2021.10.win32_1.0.0.202111181127/tools/bin/../lib/gcc/arm-none-eabi/10.3.1/thumb/v7e-m+fp/hard/crtn.o
 *(.fini)
 .fini          0x0000000008005b24        0x4 c:/st/stm32cubeide_1.9.0/stm32cubeide/plugins/com.st.stm32cube.ide.mcu.externaltools.gnu-tools-for-stm32.10.3-2021.10.win32_1.0.0.202111181127/tools/bin/../lib/gcc/arm-none-eabi/10.3.1/thumb/v7e-m+fp/hard/crti.o
                0x0000000008005b24                _fini
 .fini          0x0000000008005b28        0x8 c:/st/stm32cubeide_1.9.0/stm32cubeide/plugins/com.st.stm32cube.ide.mcu.externaltools.gnu-tools-for-stm32.10.3-2021.10.win32_1.0.0.202111181127/tools/bin/../lib/gcc/arm-none-eabi/10.3.1/thumb/v7e-m+fp/hard/crtn.o
                0x0000000008005b30                . = ALIGN (0x4)
                0x0000000008005b30                _etext = .

.vfp11_veneer   0x0000000008005b30        0x0
 .vfp11_veneer  0x0000000008005b30        0x0 linker stubs

.v4_bx          0x0000000008005b30        0x0
 .v4_bx         0x0000000008005b30        0x0 linker stubs

.iplt           0x0000000008005b30        0x0
 .iplt          0x0000000008005b30        0x0 c:/st/stm32cubeide_1.9.0/stm32cubeide/plugins/com.st.stm32cube.ide.mcu.externaltools.gnu-tools-for-stm32.10.3-2021.10.win32_1.0.0.202111181127/tools/bin/../lib/gcc/arm-none-eabi/10.3.1/thumb/v7e-m+fp/hard/crtbegin.o

.rodata         0x0000000008005b30      0xe90
                0x0000000008005b30                . = ALIGN (0x4)
 *(.rodata)
 .rodata        0x0000000008005b30       0x18 ./Core/Src/main.o
 *(.rodata*)
 .rodata.AHBPrescTable
                0x0000000008005b48       0x10 ./Core/Src/system_stm32f4xx.o
                0x0000000008005b48                AHBPrescTable
 .rodata.oled_asc2_1206
                0x0000000008005b58      0x474 ./PeripheralDrivers/Src/oled.o
                0x0000000008005b58                oled_asc2_1206
 .rodata.oled_asc2_1608
                0x0000000008005fcc      0x5f0 ./PeripheralDrivers/Src/oled.o
                0x0000000008005fcc                oled_asc2_1608
 .rodata._svfprintf_r.str1.1
                0x00000000080065bc       0x11 c:/st/stm32cubeide_1.9.0/stm32cubeide/plugins/com.st.stm32cube.ide.mcu.externaltools.gnu-tools-for-stm32.10.3-2021.10.win32_1.0.0.202111181127/tools/bin/../lib/gcc/arm-none-eabi/10.3.1/../../../../arm-none-eabi/lib/thumb/v7e-m+fp/hard\libc_nano.a(lib_a-nano-svfprintf.o)
 .rodata._printf_i.str1.1
                0x00000000080065cd       0x22 c:/st/stm32cubeide_1.9.0/stm32cubeide/plugins/com.st.stm32cube.ide.mcu.externaltools.gnu-tools-for-stm32.10.3-2021.10.win32_1.0.0.202111181127/tools/bin/../lib/gcc/arm-none-eabi/10.3.1/../../../../arm-none-eabi/lib/thumb/v7e-m+fp/hard\libc_nano.a(lib_a-nano-vfprintf_i.o)
 *fill*         0x00000000080065ef        0x1 
 .rodata.npio2_hw
                0x00000000080065f0       0x80 c:/st/stm32cubeide_1.9.0/stm32cubeide/plugins/com.st.stm32cube.ide.mcu.externaltools.gnu-tools-for-stm32.10.3-2021.10.win32_1.0.0.202111181127/tools/bin/../lib/gcc/arm-none-eabi/10.3.1/../../../../arm-none-eabi/lib/thumb/v7e-m+fp/hard\libm.a(lib_a-ef_rem_pio2.o)
 .rodata.two_over_pi
                0x0000000008006670      0x318 c:/st/stm32cubeide_1.9.0/stm32cubeide/plugins/com.st.stm32cube.ide.mcu.externaltools.gnu-tools-for-stm32.10.3-2021.10.win32_1.0.0.202111181127/tools/bin/../lib/gcc/arm-none-eabi/10.3.1/../../../../arm-none-eabi/lib/thumb/v7e-m+fp/hard\libm.a(lib_a-ef_rem_pio2.o)
 .rodata.PIo2   0x0000000008006988       0x2c c:/st/stm32cubeide_1.9.0/stm32cubeide/plugins/com.st.stm32cube.ide.mcu.externaltools.gnu-tools-for-stm32.10.3-2021.10.win32_1.0.0.202111181127/tools/bin/../lib/gcc/arm-none-eabi/10.3.1/../../../../arm-none-eabi/lib/thumb/v7e-m+fp/hard\libm.a(lib_a-kf_rem_pio2.o)
 .rodata.init_jk
                0x00000000080069b4        0xc c:/st/stm32cubeide_1.9.0/stm32cubeide/plugins/com.st.stm32cube.ide.mcu.externaltools.gnu-tools-for-stm32.10.3-2021.10.win32_1.0.0.202111181127/tools/bin/../lib/gcc/arm-none-eabi/10.3.1/../../../../arm-none-eabi/lib/thumb/v7e-m+fp/hard\libm.a(lib_a-kf_rem_pio2.o)
                0x00000000080069c0                . = ALIGN (0x4)

.ARM.extab      0x00000000080069c0        0x0
                0x00000000080069c0                . = ALIGN (0x4)
 *(.ARM.extab* .gnu.linkonce.armextab.*)
                0x00000000080069c0                . = ALIGN (0x4)

.ARM            0x00000000080069c0        0x8
                0x00000000080069c0                . = ALIGN (0x4)
                0x00000000080069c0                __exidx_start = .
 *(.ARM.exidx*)
 .ARM.exidx     0x00000000080069c0        0x8 c:/st/stm32cubeide_1.9.0/stm32cubeide/plugins/com.st.stm32cube.ide.mcu.externaltools.gnu-tools-for-stm32.10.3-2021.10.win32_1.0.0.202111181127/tools/bin/../lib/gcc/arm-none-eabi/10.3.1/thumb/v7e-m+fp/hard\libgcc.a(_udivmoddi4.o)
                0x00000000080069c8                __exidx_end = .
                0x00000000080069c8                . = ALIGN (0x4)

.rel.dyn        0x00000000080069c8        0x0
 .rel.iplt      0x00000000080069c8        0x0 c:/st/stm32cubeide_1.9.0/stm32cubeide/plugins/com.st.stm32cube.ide.mcu.externaltools.gnu-tools-for-stm32.10.3-2021.10.win32_1.0.0.202111181127/tools/bin/../lib/gcc/arm-none-eabi/10.3.1/thumb/v7e-m+fp/hard/crtbegin.o

.preinit_array  0x00000000080069c8        0x0
                0x00000000080069c8                . = ALIGN (0x4)
                0x00000000080069c8                PROVIDE (__preinit_array_start = .)
 *(.preinit_array*)
                0x00000000080069c8                PROVIDE (__preinit_array_end = .)
                0x00000000080069c8                . = ALIGN (0x4)

.init_array     0x00000000080069c8        0x4
                0x00000000080069c8                . = ALIGN (0x4)
                0x00000000080069c8                PROVIDE (__init_array_start = .)
 *(SORT_BY_NAME(.init_array.*))
 *(.init_array*)
 .init_array    0x00000000080069c8        0x4 c:/st/stm32cubeide_1.9.0/stm32cubeide/plugins/com.st.stm32cube.ide.mcu.externaltools.gnu-tools-for-stm32.10.3-2021.10.win32_1.0.0.202111181127/tools/bin/../lib/gcc/arm-none-eabi/10.3.1/thumb/v7e-m+fp/hard/crtbegin.o
                0x00000000080069cc                PROVIDE (__init_array_end = .)
                0x00000000080069cc                . = ALIGN (0x4)

.fini_array     0x00000000080069cc        0x4
                0x00000000080069cc                . = ALIGN (0x4)
                [!provide]                        PROVIDE (__fini_array_start = .)
 *(SORT_BY_NAME(.fini_array.*))
 *(.fini_array*)
 .fini_array    0x00000000080069cc        0x4 c:/st/stm32cubeide_1.9.0/stm32cubeide/plugins/com.st.stm32cube.ide.mcu.externaltools.gnu-tools-for-stm32.10.3-2021.10.win32_1.0.0.202111181127/tools/bin/../lib/gcc/arm-none-eabi/10.3.1/thumb/v7e-m+fp/hard/crtbegin.o
                [!provide]                        PROVIDE (__fini_array_end = .)
                0x00000000080069d0                . = ALIGN (0x4)
                0x00000000080069d0                _sidata = LOADADDR (.data)

.data           0x0000000020000000       0x74 load address 0x00000000080069d0
                0x0000000020000000                . = ALIGN (0x4)
                0x0000000020000000                _sdata = .
 *(.data)
 *(.data*)
 .data.SystemCoreClock
                0x0000000020000000        0x4 ./Core/Src/system_stm32f4xx.o
                0x0000000020000000                SystemCoreClock
 .data.uwTickPrio
                0x0000000020000004        0x4 ./Drivers/STM32F4xx_HAL_Driver/Src/stm32f4xx_hal.o
                0x0000000020000004                uwTickPrio
 .data.uwTickFreq
                0x0000000020000008        0x1 ./Drivers/STM32F4xx_HAL_Driver/Src/stm32f4xx_hal.o
                0x0000000020000008                uwTickFreq
 *fill*         0x0000000020000009        0x3 
 .data.s_lastIntervalMs
                0x000000002000000c        0x4 ./PeripheralDrivers/Src/encoders.o
 .data._impure_ptr
                0x0000000020000010        0x4 c:/st/stm32cubeide_1.9.0/stm32cubeide/plugins/com.st.stm32cube.ide.mcu.externaltools.gnu-tools-for-stm32.10.3-2021.10.win32_1.0.0.202111181127/tools/bin/../lib/gcc/arm-none-eabi/10.3.1/../../../../arm-none-eabi/lib/thumb/v7e-m+fp/hard\libc_nano.a(lib_a-impure.o)
                0x0000000020000010                _impure_ptr
 .data.impure_data
                0x0000000020000014       0x60 c:/st/stm32cubeide_1.9.0/stm32cubeide/plugins/com.st.stm32cube.ide.mcu.externaltools.gnu-tools-for-stm32.10.3-2021.10.win32_1.0.0.202111181127/tools/bin/../lib/gcc/arm-none-eabi/10.3.1/../../../../arm-none-eabi/lib/thumb/v7e-m+fp/hard\libc_nano.a(lib_a-impure.o)
 *(.RamFunc)
 *(.RamFunc*)
                0x0000000020000074                . = ALIGN (0x4)
                0x0000000020000074                _edata = .
                0x0000000008006a44                _siccmram = LOADADDR (.ccmram)

.igot.plt       0x0000000020000074        0x0 load address 0x0000000008006a44
 .igot.plt      0x0000000020000074        0x0 c:/st/stm32cubeide_1.9.0/stm32cubeide/plugins/com.st.stm32cube.ide.mcu.externaltools.gnu-tools-for-stm32.10.3-2021.10.win32_1.0.0.202111181127/tools/bin/../lib/gcc/arm-none-eabi/10.3.1/thumb/v7e-m+fp/hard/crtbegin.o

.ccmram         0x0000000010000000        0x0 load address 0x0000000008006a44
                0x0000000010000000                . = ALIGN (0x4)
                0x0000000010000000                _sccmram = .
 *(.ccmram)
 *(.ccmram*)
                0x0000000010000000                . = ALIGN (0x4)
                0x0000000010000000                _eccmram = .
                0x0000000010000000                . = ALIGN (0x4)

.bss            0x0000000020000074      0x664
                0x0000000020000074                _sbss = .
                0x0000000020000074                __bss_start__ = _sbss
 *(.bss)
 .bss           0x0000000020000074       0x1c c:/st/stm32cubeide_1.9.0/stm32cubeide/plugins/com.st.stm32cube.ide.mcu.externaltools.gnu-tools-for-stm32.10.3-2021.10.win32_1.0.0.202111181127/tools/bin/../lib/gcc/arm-none-eabi/10.3.1/thumb/v7e-m+fp/hard/crtbegin.o
 *(.bss*)
 .bss.htim2     0x0000000020000090       0x48 ./Core/Src/main.o
                0x0000000020000090                htim2
 .bss.htim3     0x00000000200000d8       0x48 ./Core/Src/main.o
                0x00000000200000d8                htim3
 .bss.htim4     0x0000000020000120       0x48 ./Core/Src/main.o
                0x0000000020000120                htim4
 .bss.htim6     0x0000000020000168       0x48 ./Core/Src/main.o
                0x0000000020000168                htim6
 .bss.htim8     0x00000000200001b0       0x48 ./Core/Src/main.o
                0x00000000200001b0                htim8
 .bss.htim9     0x00000000200001f8       0x48 ./Core/Src/main.o
                0x00000000200001f8                htim9
 .bss.g_lastOA  0x0000000020000240        0x2 ./Core/Src/main.o
                0x0000000020000240                g_lastOA
 .bss.g_lastOB  0x0000000020000242        0x2 ./Core/Src/main.o
                0x0000000020000242                g_lastOB
 .bss.g_lastRA  0x0000000020000244        0x2 ./Core/Src/main.o
                0x0000000020000244                g_lastRA
 .bss.g_lastRB  0x0000000020000246        0x2 ./Core/Src/main.o
                0x0000000020000246                g_lastRB
 .bss.__sbrk_heap_end
                0x0000000020000248        0x4 ./Core/Src/sysmem.o
 .bss.uwTick    0x000000002000024c        0x4 ./Drivers/STM32F4xx_HAL_Driver/Src/stm32f4xx_hal.o
                0x000000002000024c                uwTick
 .bss.s_countA  0x0000000020000250        0x4 ./PeripheralDrivers/Src/encoders.o
 .bss.s_countB  0x0000000020000254        0x4 ./PeripheralDrivers/Src/encoders.o
 .bss.s_deltaA  0x0000000020000258        0x2 ./PeripheralDrivers/Src/encoders.o
 .bss.s_deltaB  0x000000002000025a        0x2 ./PeripheralDrivers/Src/encoders.o
 .bss.s_lastRawA
                0x000000002000025c        0x2 ./PeripheralDrivers/Src/encoders.o
 .bss.s_lastRawB
                0x000000002000025e        0x2 ./PeripheralDrivers/Src/encoders.o
 .bss.s_lastTick
                0x0000000020000260        0x4 ./PeripheralDrivers/Src/encoders.o
 .bss.s_pose    0x0000000020000264       0x10 ./PeripheralDrivers/Src/odom.o
 .bss.s_lastCountA
                0x0000000020000274        0x4 ./PeripheralDrivers/Src/odom.o
 .bss.s_lastCountB
                0x0000000020000278        0x4 ./PeripheralDrivers/Src/odom.o
 .bss.s_holdActive
                0x000000002000027c        0x1 ./PeripheralDrivers/Src/odom.o
 *fill*         0x000000002000027d        0x1 
 .bss.s_holdRpm
                0x000000002000027e        0x2 ./PeripheralDrivers/Src/odom.o
 .bss.s_holdHeading
                0x0000000020000280        0x4 ./PeripheralDrivers/Src/odom.o
 .bss.s_trim    0x0000000020000284        0x4 ./PeripheralDrivers/Src/odom.o
 .bss.OLED_GRAM
                0x0000000020000288      0x400 ./PeripheralDrivers/Src/oled.o
                0x0000000020000288                OLED_GRAM
 .bss.s_pidA    0x0000000020000688       0x20 ./PeripheralDrivers/Src/pid.o
 .bss.s_pidB    0x00000000200006a8       0x20 ./PeripheralDrivers/Src/pid.o
 .bss.__malloc_free_list
                0x00000000200006c8        0x4 c:/st/stm32cubeide_1.9.0/stm32cubeide/plugins/com.st.stm32cube.ide.mcu.externaltools.gnu-tools-for-stm32.10.3-2021.10.win32_1.0.0.202111181127/tools/bin/../lib/gcc/arm-none-eabi/10.3.1/../../../../arm-none-eabi/lib/thumb/v7e-m+fp/hard\libc_nano.a(lib_a-nano-mallocr.o)
                0x00000000200006c8                __malloc_free_list
 .bss.__malloc_sbrk_start
                0x00000000200006cc        0x4 c:/st/stm32cubeide_1.9.0/stm32cubeide/plugins/com.st.stm32cube.ide.mcu.externaltools.gnu-tools-for-stm32.10.3-2021.10.win32_1.0.0.202111181127/tools/bin/../lib/gcc/arm-none-eabi/10.3.1/../../../../arm-none-eabi/lib/thumb/v7e-m+fp/hard\libc_nano.a(lib_a-nano-mallocr.o)
                0x00000000200006cc                __malloc_sbrk_start
 .bss.errno     0x00000000200006d0        0x4 c:/st/stm32cubeide_1.9.0/stm32cubeide/plugins/com.st.stm32cube.ide.mcu.externaltools.gnu-tools-for-stm32.10.3-2021.10.win32_1.0.0.202111181127/tools/bin/../lib/gcc/arm-none-eabi/10.3.1/../../../../arm-none-eabi/lib/thumb/v7e-m+fp/hard\libc_nano.a(lib_a-reent.o)
                0x00000000200006d0                errno
 .bss.__lock___malloc_recursive_mutex
                0x00000000200006d4        0x1 c:/st/stm32cubeide_1.9.0/stm32cubeide/plugins/com.st.stm32cube.ide.mcu.externaltools.gnu-tools-for-stm32.10.3-2021.10.win32_1.0.0.202111181127/tools/bin/../lib/gcc/arm-none-eabi/10.3.1/../../../../arm-none-eabi/lib/thumb/v7e-m+fp/hard\libc_nano.a(lib_a-lock.o)
                0x00000000200006d4                __lock___malloc_recursive_mutex
 *(COMMON)
                0x00000000200006d8                . = ALIGN (0x4)
 *fill*         0x00000000200006d5        0x3 
                0x00000000200006d8                _ebss = .
                0x00000000200006d8                __bss_end__ = _ebss

._user_heap_stack
                0x00000000200006d8      0x600
                0x00000000200006d8                . = ALIGN (0x8)
                [!provide]                        PROVIDE (end = .)
                0x00000000200006d8                PROVIDE (_end = .)
                0x00000000200008d8                . = (. + _Min_Heap_Size)
 *fill*         0x00000000200006d8      0x200 
                0x0000000020000cd8                . = (. + _Min_Stack_Size)
 *fill*         0x00000000200008d8      0x400 
                0x0000000020000cd8                . = ALIGN (0x8)

/DISCARD/
 libc.a(*)
 libm.a(*)
 libgcc.a(*)

.ARM.attributes
                0x0000000000000000       0x30
 *(.ARM.attributes)
 .ARM.attributes
                0x0000000000000000       0x1e c:/st/stm32cubeide_1.9.0/stm32cubeide/plugins/com.st.stm32cube.ide.mcu.externaltools.gnu-tools-for-stm32.10.3-2021.10.win32_1.0.0.202111181127/tools/bin/../lib/gcc/arm-none-eabi/10.3.1/thumb/v7e-m+fp/hard/crti.o
 .ARM.attributes
                0x000000000000001e       0x34 c:/st/stm32cubeide_1.9.0/stm32cubeide/plugins/com.st.stm32cube.ide.mcu.externaltools.gnu-tools-for-stm32.10.3-2021.10.win32_1.0.0.202111181127/tools/bin/../lib/gcc/arm-none-eabi/10.3.1/thumb/v7e-m+fp/hard/crtbegin.o
 .ARM.attributes
                0x0000000000000052       0x34 ./Core/Src/main.o
 .ARM.attributes
                0x0000000000000086       0x34 ./Core/Src/stm32f4xx_hal_msp.o
 .ARM.attributes
                0x00000000000000ba       0x34 ./Core/Src/stm32f4xx_it.o
 .ARM.attributes
                0x00000000000000ee       0x34 ./Core/Src/sysmem.o
 .ARM.attributes
                0x0000000000000122       0x34 ./Core/Src/system_stm32f4xx.o
 .ARM.attributes
                0x0000000000000156       0x21 ./Core/Startup/startup_stm32f407vetx.o
 .ARM.attributes
                0x0000000000000177       0x34 ./Drivers/STM32F4xx_HAL_Driver/Src/stm32f4xx_hal.o
 .ARM.attributes
                0x00000000000001ab       0x34 ./Drivers/STM32F4xx_HAL_Driver/Src/stm32f4xx_hal_cortex.o
 .ARM.attributes
                0x00000000000001df       0x34 ./Drivers/STM32F4xx_HAL_Driver/Src/stm32f4xx_hal_gpio.o
 .ARM.attributes
                0x0000000000000213       0x34 ./Drivers/STM32F4xx_HAL_Driver/Src/stm32f4xx_hal_pwr.o
 .ARM.attributes
                0x0000000000000247       0x34 ./Drivers/STM32F4xx_HAL_Driver/Src/stm32f4xx_hal_rcc.o
 .ARM.attributes
                0x000000000000027b       0x34 ./Drivers/STM32F4xx_HAL_Driver/Src/stm32f4xx_hal_tim.o
 .ARM.attributes
                0x00000000000002af       0x34 ./Drivers/STM32F4xx_HAL_Driver/Src/stm32f4xx_hal_tim_ex.o
 .ARM.attributes
                0x00000000000002e3       0x34 ./PeripheralDrivers/Src/encoders.o
 .ARM.attributes
                0x0000000000000317       0x34 ./PeripheralDrivers/Src/motors.o
 .ARM.attributes
                0x000000000000034b       0x34 ./PeripheralDrivers/Src/odom.o
 .ARM.attributes
                0x000000000000037f       0x34 ./PeripheralDrivers/Src/oled.o
 .ARM.attributes
                0x00000000000003b3       0x34 ./PeripheralDrivers/Src/pid.o
 .ARM.attributes
                0x00000000000003e7       0x34 c:/st/stm32cubeide_1.9.0/stm32cubeide/plugins/com.st.stm32cube.ide.mcu.externaltools.gnu-tools-for-stm32.10.3-2021.10.win32_1.0.0.202111181127/tools/bin/../lib/gcc/arm-none-eabi/10.3.1/../../../../arm-none-eabi/lib/thumb/v7e-m+fp/hard\libc_nano.a(lib_a-errno.o)
 .ARM.attributes
                0x000000000000041b       0x34 c:/st/stm32cubeide_1.9.0/stm32cubeide/plugins/com.st.stm32cube.ide.mcu.externaltools.gnu-tools-for-stm32.10.3-2021.10.win32_1.0.0.202111181127/tools/bin/../lib/gcc/arm-none-eabi/10.3.1/../../../../arm-none-eabi/lib/thumb/v7e-m+fp/hard\libc_nano.a(lib_a-impure.o)
 .ARM.attributes
                0x000000000000044f       0x34 c:/st/stm32cubeide_1.9.0/stm32cubeide/plugins/com.st.stm32cube.ide.mcu.externaltools.gnu-tools-for-stm32.10.3-2021.10.win32_1.0.0.202111181127/tools/bin/../lib/gcc/arm-none-eabi/10.3.1/../../../../arm-none-eabi/lib/thumb/v7e-m+fp/hard\libc_nano.a(lib_a-init.o)
 .ARM.attributes
                0x0000000000000483       0x34 c:/st/stm32cubeide_1.9.0/stm32cubeide/plugins/com.st.stm32cube.ide.mcu.externaltools.gnu-tools-for-stm32.10.3-2021.10.win32_1.0.0.202111181127/tools/bin/../lib/gcc/arm-none-eabi/10.3.1/../../../../arm-none-eabi/lib/thumb/v7e-m+fp/hard\libc_nano.a(lib_a-memset.o)
 .ARM.attributes
                0x00000000000004b7       0x34 c:/st/stm32cubeide_1.9.0/stm32cubeide/plugins/com.st.stm32cube.ide.mcu.externaltools.gnu-tools-for-stm32.10.3-2021.10.win32_1.0.0.202111181127/tools/bin/../lib/gcc/arm-none-eabi/10.3.1/../../../../arm-none-eabi/lib/thumb/v7e-m+fp/hard\libc_nano.a(lib_a-snprintf.o)
 .ARM.attributes
                0x00000000000004eb       0x34 c:/st/stm32cubeide_1.9.0/stm32cubeide/plugins/com.st.stm32cube.ide.mcu.externaltools.gnu-tools-for-stm32.10.3-2021.10.win32_1.0.0.202111181127/tools/bin/../lib/gcc/arm-none-eabi/10.3.1/../../../../arm-none-eabi/lib/thumb/v7e-m+fp/hard\libc_nano.a(lib_a-nano-svfprintf.o)
 .ARM.attributes
                0x000000000000051f       0x34 c:/st/stm32cubeide_1.9.0/stm32cubeide/plugins/com.st.stm32cube.ide.mcu.externaltools.gnu-tools-for-stm32.10.3-2021.10.win32_1.0.0.202111181127/tools/bin/../lib/gcc/arm-none-eabi/10.3.1/../../../../arm-none-eabi/lib/thumb/v7e-m+fp/hard\libc_nano.a(lib_a-nano-vfprintf_i.o)
 .ARM.attributes
                0x0000000000000553       0x1c c:/st/stm32cubeide_1.9.0/stm32cubeide/plugins/com.st.stm32cube.ide.mcu.externaltools.gnu-tools-for-stm32.10.3-2021.10.win32_1.0.0.202111181127/tools/bin/../lib/gcc/arm-none-eabi/10.3.1/../../../../arm-none-eabi/lib/thumb/v7e-m+fp/hard\libc_nano.a(lib_a-memchr.o)
 .ARM.attributes
                0x000000000000056f       0x34 c:/st/stm32cubeide_1.9.0/stm32cubeide/plugins/com.st.stm32cube.ide.mcu.externaltools.gnu-tools-for-stm32.10.3-2021.10.win32_1.0.0.202111181127/tools/bin/../lib/gcc/arm-none-eabi/10.3.1/../../../../arm-none-eabi/lib/thumb/v7e-m+fp/hard\libc_nano.a(lib_a-memcpy-stub.o)
 .ARM.attributes
                0x00000000000005a3       0x34 c:/st/stm32cubeide_1.9.0/stm32cubeide/plugins/com.st.stm32cube.ide.mcu.externaltools.gnu-tools-for-stm32.10.3-2021.10.win32_1.0.0.202111181127/tools/bin/../lib/gcc/arm-none-eabi/10.3.1/../../../../arm-none-eabi/lib/thumb/v7e-m+fp/hard\libc_nano.a(lib_a-memmove.o)
 .ARM.attributes
                0x00000000000005d7       0x34 c:/st/stm32cubeide_1.9.0/stm32cubeide/plugins/com.st.stm32cube.ide.mcu.externaltools.gnu-tools-for-stm32.10.3-2021.10.win32_1.0.0.202111181127/tools/bin/../lib/gcc/arm-none-eabi/10.3.1/../../../../arm-none-eabi/lib/thumb/v7e-m+fp/hard\libc_nano.a(lib_a-nano-freer.o)
 .ARM.attributes
                0x000000000000060b       0x34 c:/st/stm32cubeide_1.9.0/stm32cubeide/plugins/com.st.stm32cube.ide.mcu.externaltools.gnu-tools-for-stm32.10.3-2021.10.win32_1.0.0.202111181127/tools/bin/../lib/gcc/arm-none-eabi/10.3.1/../../../../arm-none-eabi/lib/thumb/v7e-m+fp/hard\libc_nano.a(lib_a-nano-mallocr.o)
 .ARM.attributes
                0x000000000000063f       0x34 c:/st/stm32cubeide_1.9.0/stm32cubeide/plugins/com.st.stm32cube.ide.mcu.externaltools.gnu-tools-for-stm32.10.3-2021.10.win32_1.0.0.202111181127/tools/bin/../lib/gcc/arm-none-eabi/10.3.1/../../../../arm-none-eabi/lib/thumb/v7e-m+fp/hard\libc_nano.a(lib_a-nano-reallocr.o)
 .ARM.attributes
                0x0000000000000673       0x34 c:/st/stm32cubeide_1.9.0/stm32cubeide/plugins/com.st.stm32cube.ide.mcu.externaltools.gnu-tools-for-stm32.10.3-2021.10.win32_1.0.0.202111181127/tools/bin/../lib/gcc/arm-none-eabi/10.3.1/../../../../arm-none-eabi/lib/thumb/v7e-m+fp/hard\libc_nano.a(lib_a-sbrkr.o)
 .ARM.attributes
                0x00000000000006a7       0x34 c:/st/stm32cubeide_1.9.0/stm32cubeide/plugins/com.st.stm32cube.ide.mcu.externaltools.gnu-tools-for-stm32.10.3-2021.10.win32_1.0.0.202111181127/tools/bin/../lib/gcc/arm-none-eabi/10.3.1/../../../../arm-none-eabi/lib/thumb/v7e-m+fp/hard\libc_nano.a(lib_a-mlock.o)
 .ARM.attributes
                0x00000000000006db       0x34 c:/st/stm32cubeide_1.9.0/stm32cubeide/plugins/com.st.stm32cube.ide.mcu.externaltools.gnu-tools-for-stm32.10.3-2021.10.win32_1.0.0.202111181127/tools/bin/../lib/gcc/arm-none-eabi/10.3.1/../../../../arm-none-eabi/lib/thumb/v7e-m+fp/hard\libc_nano.a(lib_a-nano-msizer.o)
 .ARM.attributes
                0x000000000000070f       0x34 c:/st/stm32cubeide_1.9.0/stm32cubeide/plugins/com.st.stm32cube.ide.mcu.externaltools.gnu-tools-for-stm32.10.3-2021.10.win32_1.0.0.202111181127/tools/bin/../lib/gcc/arm-none-eabi/10.3.1/../../../../arm-none-eabi/lib/thumb/v7e-m+fp/hard\libc_nano.a(lib_a-reent.o)
 .ARM.attributes
                0x0000000000000743       0x34 c:/st/stm32cubeide_1.9.0/stm32cubeide/plugins/com.st.stm32cube.ide.mcu.externaltools.gnu-tools-for-stm32.10.3-2021.10.win32_1.0.0.202111181127/tools/bin/../lib/gcc/arm-none-eabi/10.3.1/../../../../arm-none-eabi/lib/thumb/v7e-m+fp/hard\libc_nano.a(lib_a-lock.o)
 .ARM.attributes
                0x0000000000000777       0x34 c:/st/stm32cubeide_1.9.0/stm32cubeide/plugins/com.st.stm32cube.ide.mcu.externaltools.gnu-tools-for-stm32.10.3-2021.10.win32_1.0.0.202111181127/tools/bin/../lib/gcc/arm-none-eabi/10.3.1/../../../../arm-none-eabi/lib/thumb/v7e-m+fp/hard\libm.a(lib_a-sf_cos.o)
 .ARM.attributes
                0x00000000000007ab       0x34 c:/st/stm32cubeide_1.9.0/stm32cubeide/plugins/com.st.stm32cube.ide.mcu.externaltools.gnu-tools-for-stm32.10.3-2021.10.win32_1.0.0.202111181127/tools/bin/../lib/gcc/arm-none-eabi/10.3.1/../../../../arm-none-eabi/lib/thumb/v7e-m+fp/hard\libm.a(lib_a-sf_sin.o)
 .ARM.attributes
                0x00000000000007df       0x34 c:/st/stm32cubeide_1.9.0/stm32cubeide/plugins/com.st.stm32cube.ide.mcu.externaltools.gnu-tools-for-stm32.10.3-2021.10.win32_1.0.0.202111181127/tools/bin/../lib/gcc/arm-none-eabi/10.3.1/../../../../arm-none-eabi/lib/thumb/v7e-m+fp/hard\libm.a(lib_a-ef_rem_pio2.o)
 .ARM.attributes
                0x0000000000000813       0x34 c:/st/stm32cubeide_1.9.0/stm32cubeide/plugins/com.st.stm32cube.ide.mcu.externaltools.gnu-tools-for-stm32.10.3-2021.10.win32_1.0.0.202111181127/tools/bin/../lib/gcc/arm-none-eabi/10.3.1/../../../../arm-none-eabi/lib/thumb/v7e-m+fp/hard\libm.a(lib_a-kf_cos.o)
 .ARM.attributes
                0x0000000000000847       0x34 c:/st/stm32cubeide_1.9.0/stm32cubeide/plugins/com.st.stm32cube.ide.mcu.externaltools.gnu-tools-for-stm32.10.3-2021.10.win32_1.0.0.202111181127/tools/bin/../lib/gcc/arm-none-eabi/10.3.1/../../../../arm-none-eabi/lib/thumb/v7e-m+fp/hard\libm.a(lib_a-kf_rem_pio2.o)
 .ARM.attributes
                0x000000000000087b       0x34 c:/st/stm32cubeide_1.9.0/stm32cubeide/plugins/com.st.stm32cube.ide.mcu.externaltools.gnu-tools-for-stm32.10.3-2021.10.win32_1.0.0.202111181127/tools/bin/../lib/gcc/arm-none-eabi/10.3.1/../../../../arm-none-eabi/lib/thumb/v7e-m+fp/hard\libm.a(lib_a-kf_sin.o)
 .ARM.attributes
                0x00000000000008af       0x34 c:/st/stm32cubeide_1.9.0/stm32cubeide/plugins/com.st.stm32cube.ide.mcu.externaltools.gnu-tools-for-stm32.10.3-2021.10.win32_1.0.0.202111181127/tools/bin/../lib/gcc/arm-none-eabi/10.3.1/../../../../arm-none-eabi/lib/thumb/v7e-m+fp/hard\libm.a(lib_a-sf_fabs.o)
 .ARM.attributes
                0x00000000000008e3       0x34 c:/st/stm32cubeide_1.9.0/stm32cubeide/plugins/com.st.stm32cube.ide.mcu.externaltools.gnu-tools-for-stm32.10.3-2021.10.win32_1.0.0.202111181127/tools/bin/../lib/gcc/arm-none-eabi/10.3.1/../../../../arm-none-eabi/lib/thumb/v7e-m+fp/hard\libm.a(lib_a-sf_floor.o)
 .ARM.attributes
                0x0000000000000917       0x34 c:/st/stm32cubeide_1.9.0/stm32cubeide/plugins/com.st.stm32cube.ide.mcu.externaltools.gnu-tools-for-stm32.10.3-2021.10.win32_1.0.0.202111181127/tools/bin/../lib/gcc/arm-none-eabi/10.3.1/../../../../arm-none-eabi/lib/thumb/v7e-m+fp/hard\libm.a(lib_a-sf_scalbn.o)
 .ARM.attributes
                0x000000000000094b       0x1e c:/st/stm32cubeide_1.9.0/stm32cubeide/plugins/com.st.stm32cube.ide.mcu.externaltools.gnu-tools-for-stm32.10.3-2021.10.win32_1.0.0.202111181127/tools/bin/../lib/gcc/arm-none-eabi/10.3.1/thumb/v7e-m+fp/hard\libgcc.a(_aeabi_uldivmod.o)
 .ARM.attributes
                0x0000000000000969       0x34 c:/st/stm32cubeide_1.9.0/stm32cubeide/plugins/com.st.stm32cube.ide.mcu.externaltools.gnu-tools-for-stm32.10.3-2021.10.win32_1.0.0.202111181127/tools/bin/../lib/gcc/arm-none-eabi/10.3.1/thumb/v7e-m+fp/hard\libgcc.a(_udivmoddi4.o)
 .ARM.attributes
                0x000000000000099d       0x1e c:/st/stm32cubeide_1.9.0/stm32cubeide/plugins/com.st.stm32cube.ide.mcu.externaltools.gnu-tools-for-stm32.10.3-2021.10.win32_1.0.0.202111181127/tools/bin/../lib/gcc/arm-none-eabi/10.3.1/thumb/v7e-m+fp/hard\libgcc.a(_dvmd_tls.o)
 .ARM.attributes
                0x00000000000009bb       0x1e c:/st/stm32cubeide_1.9.0/stm32cubeide/plugins/com.st.stm32cube.ide.mcu.externaltools.gnu-tools-for-stm32.10.3-2021.10.win32_1.0.0.202111181127/tools/bin/../lib/gcc/arm-none-eabi/10.3.1/thumb/v7e-m+fp/hard/crtn.o
OUTPUT(STM32X.elf elf32-littlearm)
LOAD linker stubs
LOAD c:/st/stm32cubeide_1.9.0/stm32cubeide/plugins/com.st.stm32cube.ide.mcu.externaltools.gnu-tools-for-stm32.10.3-2021.10.win32_1.0.0.202111181127/tools/bin/../lib/gcc/arm-none-eabi/10.3.1/../../../../arm-none-eabi/lib/thumb/v7e-m+fp/hard\libc.a
LOAD c:/st/stm32cubeide_1.9.0/stm32cubeide/plugins/com.st.stm32cube.ide.mcu.externaltools.gnu-tools-for-stm32.10.3-2021.10.win32_1.0.0.202111181127/tools/bin/../lib/gcc/arm-none-eabi/10.3.1/../../../../arm-none-eabi/lib/thumb/v7e-m+fp/hard\libm.a
LOAD c:/st/stm32cubeide_1.9.0/stm32cubeide/plugins/com.st.stm32cube.ide.mcu.externaltools.gnu-tools-for-stm32.10.3-2021.10.win32_1.0.0.202111181127/tools/bin/../lib/gcc/arm-none-eabi/10.3.1/thumb/v7e-m+fp/hard\libgcc.a

.debug_info     0x0000000000000000     0xc49e
 .debug_info    0x0000000000000000     0x1357 ./Core/Src/main.o
 .debug_info    0x0000000000001357      0xeca ./Core/Src/stm32f4xx_hal_msp.o
 .debug_info    0x0000000000002221      0x736 ./Core/Src/stm32f4xx_it.o
 .debug_info    0x0000000000002957      0x171 ./Core/Src/sysmem.o
 .debug_info    0x0000000000002ac8      0x523 ./Core/Src/system_stm32f4xx.o
 .debug_info    0x0000000000002feb       0x22 ./Core/Startup/startup_stm32f407vetx.o
 .debug_info    0x000000000000300d      0x97c ./Drivers/STM32F4xx_HAL_Driver/Src/stm32f4xx_hal.o
 .debug_info    0x0000000000003989      0xe1b ./Drivers/STM32F4xx_HAL_Driver/Src/stm32f4xx_hal_cortex.o
 .debug_info    0x00000000000047a4      0x76a ./Drivers/STM32F4xx_HAL_Driver/Src/stm32f4xx_hal_gpio.o
 .debug_info    0x0000000000004f0e      0x72d ./Drivers/STM32F4xx_HAL_Driver/Src/stm32f4xx_hal_pwr.o
 .debug_info    0x000000000000563b      0x966 ./Drivers/STM32F4xx_HAL_Driver/Src/stm32f4xx_hal_rcc.o
 .debug_info    0x0000000000005fa1     0x2bbe ./Drivers/STM32F4xx_HAL_Driver/Src/stm32f4xx_hal_tim.o
 .debug_info    0x0000000000008b5f     0x15e0 ./Drivers/STM32F4xx_HAL_Driver/Src/stm32f4xx_hal_tim_ex.o
 .debug_info    0x000000000000a13f      0x905 ./PeripheralDrivers/Src/encoders.o
 .debug_info    0x000000000000aa44      0x985 ./PeripheralDrivers/Src/motors.o
 .debug_info    0x000000000000b3c9      0x477 ./PeripheralDrivers/Src/odom.o
 .debug_info    0x000000000000b840      0x729 ./PeripheralDrivers/Src/oled.o
 .debug_info    0x000000000000bf69      0x535 ./PeripheralDrivers/Src/pid.o

.debug_abbrev   0x0000000000000000     0x2238
 .debug_abbrev  0x0000000000000000      0x2a8 ./Core/Src/main.o
 .debug_abbrev  0x00000000000002a8      0x23b ./Core/Src/stm32f4xx_hal_msp.o
 .debug_abbrev  0x00000000000004e3      0x184 ./Core/Src/stm32f4xx_it.o
 .debug_abbrev  0x0000000000000667       0xbb ./Core/Src/sysmem.o
 .debug_abbrev  0x0000000000000722      0x116 ./Core/Src/system_stm32f4xx.o
 .debug_abbrev  0x0000000000000838       0x12 ./Core/Startup/startup_stm32f407vetx.o
 .debug_abbrev  0x000000000000084a      0x20d ./Drivers/STM32F4xx_HAL_Driver/Src/stm32f4xx_hal.o
 .debug_abbrev  0x0000000000000a57      0x316 ./Drivers/STM32F4xx_HAL_Driver/Src/stm32f4xx_hal_cortex.o
 .debug_abbrev  0x0000000000000d6d      0x1c4 ./Drivers/STM32F4xx_HAL_Driver/Src/stm32f4xx_hal_gpio.o
 .debug_abbrev  0x0000000000000f31      0x192 ./Drivers/STM32F4xx_HAL_Driver/Src/stm32f4xx_hal_pwr.o
 .debug_abbrev  0x00000000000010c3      0x2aa ./Drivers/STM32F4xx_HAL_Driver/Src/stm32f4xx_hal_rcc.o
 .debug_abbrev  0x000000000000136d      0x25d ./Drivers/STM32F4xx_HAL_Driver/Src/stm32f4xx_hal_tim.o
 .debug_abbrev  0x00000000000015ca      0x265 ./Drivers/STM32F4xx_HAL_Driver/Src/stm32f4xx_hal_tim_ex.o
 .debug_abbrev  0x000000000000182f      0x22b ./PeripheralDrivers/Src/encoders.o
 .debug_abbrev  0x0000000000001a5a      0x23b ./PeripheralDrivers/Src/motors.o
 .debug_abbrev  0x0000000000001c95      0x1cf ./PeripheralDrivers/Src/odom.o
 .debug_abbrev  0x0000000000001e64      0x1f3 ./PeripheralDrivers/Src/oled.o
 .debug_abbrev  0x0000000000002057      0x1e1 ./PeripheralDrivers/Src/pid.o

.debug_aranges  0x0000000000000000      0xcf8
 .debug_aranges
                0x0000000000000000       0x70 ./Core/Src/main.o
 .debug_aranges
                0x0000000000000070       0x58 ./Core/Src/stm32f4xx_hal_msp.o
 .debug_aranges
                0x00000000000000c8       0x68 ./Core/Src/stm32f4xx_it.o
 .debug_aranges
                0x0000000000000130       0x20 ./Core/Src/sysmem.o
 .debug_aranges
                0x0000000000000150       0x28 ./Core/Src/system_stm32f4xx.o
 .debug_aranges
                0x0000000000000178       0x28 ./Core/Startup/startup_stm32f407vetx.o
 .debug_aranges
                0x00000000000001a0       0xf0 ./Drivers/STM32F4xx_HAL_Driver/Src/stm32f4xx_hal.o
 .debug_aranges
                0x0000000000000290      0x118 ./Drivers/STM32F4xx_HAL_Driver/Src/stm32f4xx_hal_cortex.o
 .debug_aranges
                0x00000000000003a8       0x58 ./Drivers/STM32F4xx_HAL_Driver/Src/stm32f4xx_hal_gpio.o
 .debug_aranges
                0x0000000000000400       0xa0 ./Drivers/STM32F4xx_HAL_Driver/Src/stm32f4xx_hal_pwr.o
 .debug_aranges
                0x00000000000004a0       0x88 ./Drivers/STM32F4xx_HAL_Driver/Src/stm32f4xx_hal_rcc.o
 .debug_aranges
                0x0000000000000528      0x3d0 ./Drivers/STM32F4xx_HAL_Driver/Src/stm32f4xx_hal_tim.o
 .debug_aranges
                0x00000000000008f8      0x168 ./Drivers/STM32F4xx_HAL_Driver/Src/stm32f4xx_hal_tim_ex.o
 .debug_aranges
                0x0000000000000a60       0x68 ./PeripheralDrivers/Src/encoders.o
 .debug_aranges
                0x0000000000000ac8       0x80 ./PeripheralDrivers/Src/motors.o
 .debug_aranges
                0x0000000000000b48       0x88 ./PeripheralDrivers/Src/odom.o
 .debug_aranges
                0x0000000000000bd0       0x70 ./PeripheralDrivers/Src/oled.o
 .debug_aranges
                0x0000000000000c40       0xb8 ./PeripheralDrivers/Src/pid.o

.debug_ranges   0x0000000000000000      0xbe0
 .debug_ranges  0x0000000000000000       0x60 ./Core/Src/main.o
 .debug_ranges  0x0000000000000060       0x48 ./Core/Src/stm32f4xx_hal_msp.o
 .debug_ranges  0x00000000000000a8       0x58 ./Core/Src/stm32f4xx_it.o
 .debug_ranges  0x0000000000000100       0x10 ./Core/Src/sysmem.o
 .debug_ranges  0x0000000000000110       0x18 ./Core/Src/system_stm32f4xx.o
 .debug_ranges  0x0000000000000128       0x20 ./Core/Startup/startup_stm32f407vetx.o
 .debug_ranges  0x0000000000000148       0xe0 ./Drivers/STM32F4xx_HAL_Driver/Src/stm32f4xx_hal.o
 .debug_ranges  0x0000000000000228      0x108 ./Drivers/STM32F4xx_HAL_Driver/Src/stm32f4xx_hal_cortex.o
 .debug_ranges  0x0000000000000330       0x48 ./Drivers/STM32F4xx_HAL_Driver/Src/stm32f4xx_hal_gpio.o
 .debug_ranges  0x0000000000000378       0x90 ./Drivers/STM32F4xx_HAL_Driver/Src/stm32f4xx_hal_pwr.o
 .debug_ranges  0x0000000000000408       0x78 ./Drivers/STM32F4xx_HAL_Driver/Src/stm32f4xx_hal_rcc.o
 .debug_ranges  0x0000000000000480      0x3c0 ./Drivers/STM32F4xx_HAL_Driver/Src/stm32f4xx_hal_tim.o
 .debug_ranges  0x0000000000000840      0x158 ./Drivers/STM32F4xx_HAL_Driver/Src/stm32f4xx_hal_tim_ex.o
 .debug_ranges  0x0000000000000998       0x58 ./PeripheralDrivers/Src/encoders.o
 .debug_ranges  0x00000000000009f0       0x70 ./PeripheralDrivers/Src/motors.o
 .debug_ranges  0x0000000000000a60       0x78 ./PeripheralDrivers/Src/odom.o
 .debug_ranges  0x0000000000000ad8       0x60 ./PeripheralDrivers/Src/oled.o
 .debug_ranges  0x0000000000000b38       0xa8 ./PeripheralDrivers/Src/pid.o

.debug_macro    0x0000000000000000    0x21bed
 .debug_macro   0x0000000000000000      0x35f ./Core/Src/main.o
 .debug_macro   0x000000000000035f      0xa78 ./Core/Src/main.o
 .debug_macro   0x0000000000000dd7      0x295 ./Core/Src/main.o
 .debug_macro   0x000000000000106c       0x2e ./Core/Src/main.o
 .debug_macro   0x000000000000109a       0x2f ./Core/Src/main.o
 .debug_macro   0x00000000000010c9       0x22 ./Core/Src/main.o
 .debug_macro   0x00000000000010eb       0x8e ./Core/Src/main.o
 .debug_macro   0x0000000000001179       0x51 ./Core/Src/main.o
 .debug_macro   0x00000000000011ca      0x103 ./Core/Src/main.o
 .debug_macro   0x00000000000012cd       0x6a ./Core/Src/main.o
 .debug_macro   0x0000000000001337      0x1df ./Core/Src/main.o
 .debug_macro   0x0000000000001516       0x1c ./Core/Src/main.o
 .debug_macro   0x0000000000001532       0x22 ./Core/Src/main.o
 .debug_macro   0x0000000000001554       0xd9 ./Core/Src/main.o
 .debug_macro   0x000000000000162d     0x102d ./Core/Src/main.o
 .debug_macro   0x000000000000265a      0x11f ./Core/Src/main.o
 .debug_macro   0x0000000000002779    0x15e82 ./Core/Src/main.o
 .debug_macro   0x00000000000185fb       0x6d ./Core/Src/main.o
 .debug_macro   0x0000000000018668     0x367e ./Core/Src/main.o
 .debug_macro   0x000000000001bce6      0x174 ./Core/Src/main.o
 .debug_macro   0x000000000001be5a       0x5c ./Core/Src/main.o
 .debug_macro   0x000000000001beb6      0x96b ./Core/Src/main.o
 .debug_macro   0x000000000001c821      0x9fe ./Core/Src/main.o
 .debug_macro   0x000000000001d21f      0x115 ./Core/Src/main.o
 .debug_macro   0x000000000001d334      0x13e ./Core/Src/main.o
 .debug_macro   0x000000000001d472       0xa5 ./Core/Src/main.o
 .debug_macro   0x000000000001d517      0x174 ./Core/Src/main.o
 .debug_macro   0x000000000001d68b      0x287 ./Core/Src/main.o
 .debug_macro   0x000000000001d912       0x5f ./Core/Src/main.o
 .debug_macro   0x000000000001d971      0x236 ./Core/Src/main.o
 .debug_macro   0x000000000001dba7      0x12c ./Core/Src/main.o
 .debug_macro   0x000000000001dcd3      0x21e ./Core/Src/main.o
 .debug_macro   0x000000000001def1       0x2e ./Core/Src/main.o
 .debug_macro   0x000000000001df1f      0x11a ./Core/Src/main.o
 .debug_macro   0x000000000001e039       0x7e ./Core/Src/main.o
 .debug_macro   0x000000000001e0b7       0x89 ./Core/Src/main.o
 .debug_macro   0x000000000001e140      0x8e6 ./Core/Src/main.o
 .debug_macro   0x000000000001ea26       0x47 ./Core/Src/main.o
 .debug_macro   0x000000000001ea6d      0x12d ./Core/Src/main.o
 .debug_macro   0x000000000001eb9a       0xd0 ./Core/Src/main.o
 .debug_macro   0x000000000001ec6a       0x52 ./Core/Src/main.o
 .debug_macro   0x000000000001ecbc       0x1e ./Core/Src/main.o
 .debug_macro   0x000000000001ecda       0x3c ./Core/Src/main.o
 .debug_macro   0x000000000001ed16       0x34 ./Core/Src/main.o
 .debug_macro   0x000000000001ed4a       0x16 ./Core/Src/main.o
 .debug_macro   0x000000000001ed60       0x35 ./Core/Src/main.o
 .debug_macro   0x000000000001ed95      0x341 ./Core/Src/main.o
 .debug_macro   0x000000000001f0d6       0x10 ./Core/Src/main.o
 .debug_macro   0x000000000001f0e6       0x16 ./Core/Src/main.o
 .debug_macro   0x000000000001f0fc       0x43 ./Core/Src/main.o
 .debug_macro   0x000000000001f13f       0x34 ./Core/Src/main.o
 .debug_macro   0x000000000001f173       0x10 ./Core/Src/main.o
 .debug_macro   0x000000000001f183       0x58 ./Core/Src/main.o
 .debug_macro   0x000000000001f1db       0x71 ./Core/Src/main.o
 .debug_macro   0x000000000001f24c       0x1c ./Core/Src/main.o
 .debug_macro   0x000000000001f268      0x12a ./Core/Src/main.o
 .debug_macro   0x000000000001f392       0x10 ./Core/Src/main.o
 .debug_macro   0x000000000001f3a2       0x1c ./Core/Src/main.o
 .debug_macro   0x000000000001f3be       0x52 ./Core/Src/main.o
 .debug_macro   0x000000000001f410       0x22 ./Core/Src/main.o
 .debug_macro   0x000000000001f432       0x10 ./Core/Src/main.o
 .debug_macro   0x000000000001f442       0x52 ./Core/Src/main.o
 .debug_macro   0x000000000001f494       0xd5 ./Core/Src/main.o
 .debug_macro   0x000000000001f569       0x1c ./Core/Src/main.o
 .debug_macro   0x000000000001f585       0x3d ./Core/Src/main.o
 .debug_macro   0x000000000001f5c2       0x16 ./Core/Src/main.o
 .debug_macro   0x000000000001f5d8      0x145 ./Core/Src/main.o
 .debug_macro   0x000000000001f71d       0x7c ./Core/Src/main.o
 .debug_macro   0x000000000001f799       0x5e ./Core/Src/main.o
 .debug_macro   0x000000000001f7f7       0x2e ./Core/Src/main.o
 .debug_macro   0x000000000001f825       0x34 ./Core/Src/main.o
 .debug_macro   0x000000000001f859       0x2e ./Core/Src/main.o
 .debug_macro   0x000000000001f887      0x1d3 ./Core/Src/stm32f4xx_hal_msp.o
 .debug_macro   0x000000000001fa5a      0x1dd ./Core/Src/stm32f4xx_it.o
 .debug_macro   0x000000000001fc37       0xff ./Core/Src/sysmem.o
 .debug_macro   0x000000000001fd36      0x23b ./Core/Src/sysmem.o
 .debug_macro   0x000000000001ff71      0x1c4 ./Core/Src/system_stm32f4xx.o
 .debug_macro   0x0000000000020135      0x224 ./Drivers/STM32F4xx_HAL_Driver/Src/stm32f4xx_hal.o
 .debug_macro   0x0000000000020359      0x1c4 ./Drivers/STM32F4xx_HAL_Driver/Src/stm32f4xx_hal_cortex.o
 .debug_macro   0x000000000002051d      0x1ca ./Drivers/STM32F4xx_HAL_Driver/Src/stm32f4xx_hal_gpio.o
 .debug_macro   0x00000000000206e7      0x1dc ./Drivers/STM32F4xx_HAL_Driver/Src/stm32f4xx_hal_pwr.o
 .debug_macro   0x00000000000208c3      0x1e8 ./Drivers/STM32F4xx_HAL_Driver/Src/stm32f4xx_hal_rcc.o
 .debug_macro   0x0000000000020aab      0x1c5 ./Drivers/STM32F4xx_HAL_Driver/Src/stm32f4xx_hal_tim.o
 .debug_macro   0x0000000000020c70      0x1c4 ./Drivers/STM32F4xx_HAL_Driver/Src/stm32f4xx_hal_tim_ex.o
 .debug_macro   0x0000000000020e34      0x1d3 ./PeripheralDrivers/Src/encoders.o
 .debug_macro   0x0000000000021007       0x28 ./PeripheralDrivers/Src/encoders.o
 .debug_macro   0x000000000002102f      0x1d3 ./PeripheralDrivers/Src/motors.o
 .debug_macro   0x0000000000021202       0x58 ./PeripheralDrivers/Src/motors.o
 .debug_macro   0x000000000002125a      0x290 ./PeripheralDrivers/Src/odom.o
 .debug_macro   0x00000000000214ea       0x28 ./PeripheralDrivers/Src/odom.o
 .debug_macro   0x0000000000021512      0x19b ./PeripheralDrivers/Src/odom.o
 .debug_macro   0x00000000000216ad      0x2b7 ./PeripheralDrivers/Src/oled.o
 .debug_macro   0x0000000000021964       0x76 ./PeripheralDrivers/Src/oled.o
 .debug_macro   0x00000000000219da      0x1e5 ./PeripheralDrivers/Src/pid.o
 .debug_macro   0x0000000000021bbf       0x2e ./PeripheralDrivers/Src/pid.o

.debug_line     0x0000000000000000     0xe20b
 .debug_line    0x0000000000000000      0xc62 ./Core/Src/main.o
 .debug_line    0x0000000000000c62      0x853 ./Core/Src/stm32f4xx_hal_msp.o
 .debug_line    0x00000000000014b5      0x77a ./Core/Src/stm32f4xx_it.o
 .debug_line    0x0000000000001c2f      0x4e5 ./Core/Src/sysmem.o
 .debug_line    0x0000000000002114      0x721 ./Core/Src/system_stm32f4xx.o
 .debug_line    0x0000000000002835       0x88 ./Core/Startup/startup_stm32f407vetx.o
 .debug_line    0x00000000000028bd      0x987 ./Drivers/STM32F4xx_HAL_Driver/Src/stm32f4xx_hal.o
 .debug_line    0x0000000000003244      0xc36 ./Drivers/STM32F4xx_HAL_Driver/Src/stm32f4xx_hal_cortex.o
 .debug_line    0x0000000000003e7a      0xafb ./Drivers/STM32F4xx_HAL_Driver/Src/stm32f4xx_hal_gpio.o
 .debug_line    0x0000000000004975      0x893 ./Drivers/STM32F4xx_HAL_Driver/Src/stm32f4xx_hal_pwr.o
 .debug_line    0x0000000000005208      0xd03 ./Drivers/STM32F4xx_HAL_Driver/Src/stm32f4xx_hal_rcc.o
 .debug_line    0x0000000000005f0b     0x367b ./Drivers/STM32F4xx_HAL_Driver/Src/stm32f4xx_hal_tim.o
 .debug_line    0x0000000000009586     0x1984 ./Drivers/STM32F4xx_HAL_Driver/Src/stm32f4xx_hal_tim_ex.o
 .debug_line    0x000000000000af0a      0x840 ./PeripheralDrivers/Src/encoders.o
 .debug_line    0x000000000000b74a      0xa47 ./PeripheralDrivers/Src/motors.o
 .debug_line    0x000000000000c191      0xa77 ./PeripheralDrivers/Src/odom.o
 .debug_line    0x000000000000cc08      0xb37 ./PeripheralDrivers/Src/oled.o
 .debug_line    0x000000000000d73f      0xacc ./PeripheralDrivers/Src/pid.o

.debug_str      0x0000000000000000    0xca409
 .debug_str     0x0000000000000000    0xc68dc ./Core/Src/main.o
                                      0xc6c3b (size before relaxing)
 .debug_str     0x00000000000c68dc      0x5fb ./Core/Src/stm32f4xx_hal_msp.o
                                      0xc28e9 (size before relaxing)
 .debug_str     0x00000000000c6ed7       0xf0 ./Core/Src/stm32f4xx_it.o
                                      0xc220f (size before relaxing)
 .debug_str     0x00000000000c6fc7      0x4da ./Core/Src/sysmem.o
                                       0x5da7 (size before relaxing)
 .debug_str     0x00000000000c74a1       0xdb ./Core/Src/system_stm32f4xx.o
                                      0xc1a93 (size before relaxing)
 .debug_str     0x00000000000c757c       0x36 ./Core/Startup/startup_stm32f407vetx.o
                                         0x69 (size before relaxing)
 .debug_str     0x00000000000c75b2      0x60d ./Drivers/STM32F4xx_HAL_Driver/Src/stm32f4xx_hal.o
                                      0xc2617 (size before relaxing)
 .debug_str     0x00000000000c7bbf      0x326 ./Drivers/STM32F4xx_HAL_Driver/Src/stm32f4xx_hal_cortex.o
                                      0xc234a (size before relaxing)
 .debug_str     0x00000000000c7ee5      0x121 ./Drivers/STM32F4xx_HAL_Driver/Src/stm32f4xx_hal_gpio.o
                                      0xc1c0e (size before relaxing)
 .debug_str     0x00000000000c8006      0x268 ./Drivers/STM32F4xx_HAL_Driver/Src/stm32f4xx_hal_pwr.o
                                      0xc1cc9 (size before relaxing)
 .debug_str     0x00000000000c826e      0x233 ./Drivers/STM32F4xx_HAL_Driver/Src/stm32f4xx_hal_rcc.o
                                      0xc1ec7 (size before relaxing)
 .debug_str     0x00000000000c84a1      0xcba ./Drivers/STM32F4xx_HAL_Driver/Src/stm32f4xx_hal_tim.o
                                      0xc2e0d (size before relaxing)
 .debug_str     0x00000000000c915b      0x3e1 ./Drivers/STM32F4xx_HAL_Driver/Src/stm32f4xx_hal_tim_ex.o
                                      0xc2629 (size before relaxing)
 .debug_str     0x00000000000c953c      0x12c ./PeripheralDrivers/Src/encoders.o
                                      0xc2069 (size before relaxing)
 .debug_str     0x00000000000c9668       0xde ./PeripheralDrivers/Src/motors.o
                                      0xc20ab (size before relaxing)
 .debug_str     0x00000000000c9746      0x992 ./PeripheralDrivers/Src/odom.o
                                      0xc5295 (size before relaxing)
 .debug_str     0x00000000000ca0d8      0x1e5 ./PeripheralDrivers/Src/oled.o
                                      0xc4d21 (size before relaxing)
 .debug_str     0x00000000000ca2bd      0x14c ./PeripheralDrivers/Src/pid.o
                                      0xc1d1e (size before relaxing)

.comment        0x0000000000000000       0x50
 .comment       0x0000000000000000       0x50 ./Core/Src/main.o
                                         0x51 (size before relaxing)
 .comment       0x0000000000000050       0x51 ./Core/Src/stm32f4xx_hal_msp.o
 .comment       0x0000000000000050       0x51 ./Core/Src/stm32f4xx_it.o
 .comment       0x0000000000000050       0x51 ./Core/Src/sysmem.o
 .comment       0x0000000000000050       0x51 ./Core/Src/system_stm32f4xx.o
 .comment       0x0000000000000050       0x51 ./Drivers/STM32F4xx_HAL_Driver/Src/stm32f4xx_hal.o
 .comment       0x0000000000000050       0x51 ./Drivers/STM32F4xx_HAL_Driver/Src/stm32f4xx_hal_cortex.o
 .comment       0x0000000000000050       0x51 ./Drivers/STM32F4xx_HAL_Driver/Src/stm32f4xx_hal_gpio.o
 .comment       0x0000000000000050       0x51 ./Drivers/STM32F4xx_HAL_Driver/Src/stm32f4xx_hal_pwr.o
 .comment       0x0000000000000050       0x51 ./Drivers/STM32F4xx_HAL_Driver/Src/stm32f4xx_hal_rcc.o
 .comment       0x0000000000000050       0x51 ./Drivers/STM32F4xx_HAL_Driver/Src/stm32f4xx_hal_tim.o
 .comment       0x0000000000000050       0x51 ./Drivers/STM32F4xx_HAL_Driver/Src/stm32f4xx_hal_tim_ex.o
 .comment       0x0000000000000050       0x51 ./PeripheralDrivers/Src/encoders.o
 .comment       0x0000000000000050       0x51 ./PeripheralDrivers/Src/motors.o
 .comment       0x0000000000000050       0x51 ./PeripheralDrivers/Src/odom.o
 .comment       0x0000000000000050       0x51 ./PeripheralDrivers/Src/oled.o
 .comment       0x0000000000000050       0x51 ./PeripheralDrivers/Src/pid.o

.debug_frame    0x0000000000000000     0x3a2c
 .debug_frame   0x0000000000000000      0x18c ./Core/Src/main.o
 .debug_frame   0x000000000000018c      0x13c ./Core/Src/stm32f4xx_hal_msp.o
 .debug_frame   0x00000000000002c8      0x120 ./Core/Src/stm32f4xx_it.o
 .debug_frame   0x00000000000003e8       0x34 ./Core/Src/sysmem.o
 .debug_frame   0x000000000000041c       0x58 ./Core/Src/system_stm32f4xx.o
 .debug_frame   0x0000000000000474      0x374 ./Drivers/STM32F4xx_HAL_Driver/Src/stm32f4xx_hal.o
 .debug_frame   0x00000000000007e8      0x498 ./Drivers/STM32F4xx_HAL_Driver/Src/stm32f4xx_hal_cortex.o
 .debug_frame   0x0000000000000c80      0x14c ./Drivers/STM32F4xx_HAL_Driver/Src/stm32f4xx_hal_gpio.o
 .debug_frame   0x0000000000000dcc      0x264 ./Drivers/STM32F4xx_HAL_Driver/Src/stm32f4xx_hal_pwr.o
 .debug_frame   0x0000000000001030      0x1f4 ./Drivers/STM32F4xx_HAL_Driver/Src/stm32f4xx_hal_rcc.o
 .debug_frame   0x0000000000001224     0x11c4 ./Drivers/STM32F4xx_HAL_Driver/Src/stm32f4xx_hal_tim.o
 .debug_frame   0x00000000000023e8      0x638 ./Drivers/STM32F4xx_HAL_Driver/Src/stm32f4xx_hal_tim_ex.o
 .debug_frame   0x0000000000002a20      0x150 ./PeripheralDrivers/Src/encoders.o
 .debug_frame   0x0000000000002b70      0x1c4 ./PeripheralDrivers/Src/motors.o
 .debug_frame   0x0000000000002d34      0x1fc ./PeripheralDrivers/Src/odom.o
 .debug_frame   0x0000000000002f30      0x194 ./PeripheralDrivers/Src/oled.o
 .debug_frame   0x00000000000030c4      0x2f4 ./PeripheralDrivers/Src/pid.o