../PeripheralDrivers/Src/encoders.c:20:6:Encoders_Init	8	static
../PeripheralDrivers/Src/encoders.c:39:6:Encoders_Reset	4	static
../PeripheralDrivers/Src/encoders.c:51:6:Encoders_Update	24	static
../PeripheralDrivers/Src/encoders.c:98:9:Encoder_A_GetCount	4	static
../PeripheralDrivers/Src/encoders.c:99:9:Encoder_B_GetCount	4	static
../PeripheralDrivers/Src/encoders.c:101:9:Encoder_A_GetDelta	4	static
../PeripheralDrivers/Src/encoders.c:102:9:Encoder_B_GetDelta	4	static
../PeripheralDrivers/Src/encoders.c:104:16:rpm_from_delta	24	static
../PeripheralDrivers/Src/encoders.c:125:9:Encoder_A_GetRPM	8	static
../PeripheralDrivers/Src/encoders.c:130:9:Encoder_B_GetRPM	8	static
