../PeripheralDrivers/Src/pid.c:12:14:clampf	24	static
../PeripheralDrivers/Src/pid.c:27:14:feedforward	24	static
../PeripheralDrivers/Src/pid.c:49:16:apply_deadband	24	static
../PeripheralDrivers/Src/pid.c:70:13:pid_reset	16	static
../PeripheralDrivers/Src/pid.c:79:16:pid_step	40	static
../PeripheralDrivers/Src/pid.c:144:6:PID_Init	8	static
../PeripheralDrivers/Src/pid.c:161:6:PID_Enable	16	static
../PeripheralDrivers/Src/pid.c:176:16:clamp_target	16	static
../PeripheralDrivers/Src/pid.c:183:6:PID_SetTargetA	16	static
../PeripheralDrivers/Src/pid.c:188:6:PID_SetTargetB	16	static
../PeripheralDrivers/Src/pid.c:193:6:PID_SetTargets	16	static
../PeripheralDrivers/Src/pid.c:199:6:PID_Stop	8	static
../PeripheralDrivers/Src/pid.c:207:6:PID_Update	16	static
../PeripheralDrivers/Src/pid.c:224:9:PID_GetOutputA	4	static
../PeripheralDrivers/Src/pid.c:225:9:PID_GetOutputB	4	static
../PeripheralDrivers/Src/pid.c:227:9:PID_GetTargetA	4	static
../PeripheralDrivers/Src/pid.c:228:9:PID_GetTargetB	4	static
../PeripheralDrivers/Src/pid.c:230:9:PID_GetErrorA	16	static
../PeripheralDrivers/Src/pid.c:235:9:PID_GetErrorB	16	static
../PeripheralDrivers/Src/pid.c:240:6:PID_SetGains	24	static
