../Core/Src/main.c:82:5:main	8	static
../Core/Src/main.c:150:6:SystemClock_Config	88	static
../Core/Src/main.c:196:13:MX_TIM2_Init	56	static
../Core/Src/main.c:245:13:MX_TIM3_Init	56	static
../Core/Src/main.c:294:13:MX_TIM4_Init	64	static
../Core/Src/main.c:357:13:MX_TIM8_Init	32	static
../Core/Src/main.c:403:13:MX_TIM9_Init	40	static
../Core/Src/main.c:449:13:MX_TIM12_Init	40	static
../Core/Src/main.c:491:13:MX_USART2_UART_Init	8	static
../Core/Src/main.c:524:13:MX_USART3_UART_Init	8	static
../Core/Src/main.c:557:13:MX_GPIO_Init	56	static
../Core/Src/main.c:628:6:Error_Handler	4	static,ignoring_inline_asm
