../Core/Src/main.c:82:5:main	64	static
../Core/Src/main.c:171:6:SystemClock_Config	88	static
../Core/Src/main.c:217:13:MX_TIM2_Init	56	static
../Core/Src/main.c:266:13:MX_TIM3_Init	56	static
../Core/Src/main.c:315:13:MX_TIM4_Init	64	static
../Core/Src/main.c:378:13:MX_TIM9_Init	40	static
../Core/Src/main.c:424:13:MX_TIM12_Init	40	static
../Core/Src/main.c:466:13:MX_USART2_UART_Init	8	static
../Core/Src/main.c:499:13:MX_USART3_UART_Init	8	static
../Core/Src/main.c:532:13:MX_GPIO_Init	48	static
../Core/Src/main.c:582:6:HAL_GPIO_EXTI_Callback	16	static
../Core/Src/main.c:593:6:Error_Handler	4	static,ignoring_inline_asm
